>                                                                                                                                     
>                                          High Level Assembler Option Summary                   (PTF UO03644)   Page    1            
#^^^^^^^^^^^^^^^^^^^^^^^^^^^^^^^^^^^^^^^^^^^^^^^^^^^^^^^^^^^^^^^^^^^^^^^^^^^^^^^^^^^^^^^^^^^^^^^^^^^^^^^^^^^^^^^^^^^^^^^^^^^^^^^^^^^^^^ source.hlasmListing
>                                                                                             HLASM R6.0  2025/08/05 03.48            
#^^^^^^^^^^^^^^^^^^^^^^^^^^^^^^^^^^^^^^^^^^^^^^^^^^^^^^^^^^^^^^^^^^^^^^^^^^^^^^^^^^^^^^^^^^^^^^^^^^^^^^^^^^^^^^^^^^^^^^^^^^^^^^^^^^^^^^ source.hlasmListing
>   No Overriding ASMAOPT Parameters                                                                                                  
#^^^^^^^^^^^^^^^^^^^^^^^^^^^^^^^^^^^^^^^^^^^^^^^^^^^^^^^^^^^^^^^^^^^^^^^^^^^^^^^^^^^^^^^^^^^^^^^^^^^^^^^^^^^^^^^^^^^^^^^^^^^^^^^^^^^^^^ source.hlasmListing
>   Overriding Parameters-  OBJECT,NODECK,LINECOUNT(0),LIST(133)                                                                      
#^^^^^^^^^^^^^^^^^^^^^^^^^^^^^^^^^^^^^^^^^^^^^^^^^^^^^^^^^^^^^^^^^^^^^^^^^^^^^^^^^^^^^^^^^^^^^^^^^^^^^^^^^^^^^^^^^^^^^^^^^^^^^^^^^^^^^^ source.hlasmListing
>   No Process Statements                                                                                                             
#^^^^^^^^^^^^^^^^^^^^^^^^^^^^^^^^^^^^^^^^^^^^^^^^^^^^^^^^^^^^^^^^^^^^^^^^^^^^^^^^^^^^^^^^^^^^^^^^^^^^^^^^^^^^^^^^^^^^^^^^^^^^^^^^^^^^^^ source.hlasmListing
>                                                                                                                                     
>                                                                                                                                     
>   Options for this Assembly                                                                                                         
#^^^^^^^^^^^^^^^^^^^^^^^^^^^^^^^^^^^^^^^^^^^^^^^^^^^^^^^^^^^^^^^^^^^^^^^^^^^^^^^^^^^^^^^^^^^^^^^^^^^^^^^^^^^^^^^^^^^^^^^^^^^^^^^^^^^^^^ source.hlasmListing
>                     NOADATA                                                                                                         
#^^^^^^^^^^^^^^^^^^^^^^^^^^^^^^^^^^^^^^^^^^^^^^^^^^^^^^^^^^^^^^^^^^^^^^^^^^^^^^^^^^^^^^^^^^^^^^^^^^^^^^^^^^^^^^^^^^^^^^^^^^^^^^^^^^^^^^ source.hlasmListing
>                       ALIGN                                                                                                         
#^^^^^^^^^^^^^^^^^^^^^^^^^^^^^^^^^^^^^^^^^^^^^^^^^^^^^^^^^^^^^^^^^^^^^^^^^^^^^^^^^^^^^^^^^^^^^^^^^^^^^^^^^^^^^^^^^^^^^^^^^^^^^^^^^^^^^^ source.hlasmListing
>                     NOASA                                                                                                           
#^^^^^^^^^^^^^^^^^^^^^^^^^^^^^^^^^^^^^^^^^^^^^^^^^^^^^^^^^^^^^^^^^^^^^^^^^^^^^^^^^^^^^^^^^^^^^^^^^^^^^^^^^^^^^^^^^^^^^^^^^^^^^^^^^^^^^^ source.hlasmListing
>                       ASCII(00819)                                                                                                  
#^^^^^^^^^^^^^^^^^^^^^^^^^^^^^^^^^^^^^^^^^^^^^^^^^^^^^^^^^^^^^^^^^^^^^^^^^^^^^^^^^^^^^^^^^^^^^^^^^^^^^^^^^^^^^^^^^^^^^^^^^^^^^^^^^^^^^^ source.hlasmListing
>                       BATCH                                                                                                         
#^^^^^^^^^^^^^^^^^^^^^^^^^^^^^^^^^^^^^^^^^^^^^^^^^^^^^^^^^^^^^^^^^^^^^^^^^^^^^^^^^^^^^^^^^^^^^^^^^^^^^^^^^^^^^^^^^^^^^^^^^^^^^^^^^^^^^^ source.hlasmListing
>                       CA(LOCAL)                                                                                                     
#^^^^^^^^^^^^^^^^^^^^^^^^^^^^^^^^^^^^^^^^^^^^^^^^^^^^^^^^^^^^^^^^^^^^^^^^^^^^^^^^^^^^^^^^^^^^^^^^^^^^^^^^^^^^^^^^^^^^^^^^^^^^^^^^^^^^^^ source.hlasmListing
>                       CE(LOCAL)                                                                                                     
#^^^^^^^^^^^^^^^^^^^^^^^^^^^^^^^^^^^^^^^^^^^^^^^^^^^^^^^^^^^^^^^^^^^^^^^^^^^^^^^^^^^^^^^^^^^^^^^^^^^^^^^^^^^^^^^^^^^^^^^^^^^^^^^^^^^^^^ source.hlasmListing
>                       CODEPAGE(01148)                                                                                               
#^^^^^^^^^^^^^^^^^^^^^^^^^^^^^^^^^^^^^^^^^^^^^^^^^^^^^^^^^^^^^^^^^^^^^^^^^^^^^^^^^^^^^^^^^^^^^^^^^^^^^^^^^^^^^^^^^^^^^^^^^^^^^^^^^^^^^^ source.hlasmListing
>                     NOCOMPAT                                                                                                        
#^^^^^^^^^^^^^^^^^^^^^^^^^^^^^^^^^^^^^^^^^^^^^^^^^^^^^^^^^^^^^^^^^^^^^^^^^^^^^^^^^^^^^^^^^^^^^^^^^^^^^^^^^^^^^^^^^^^^^^^^^^^^^^^^^^^^^^ source.hlasmListing
>                       CU(LOCAL)                                                                                                     
#^^^^^^^^^^^^^^^^^^^^^^^^^^^^^^^^^^^^^^^^^^^^^^^^^^^^^^^^^^^^^^^^^^^^^^^^^^^^^^^^^^^^^^^^^^^^^^^^^^^^^^^^^^^^^^^^^^^^^^^^^^^^^^^^^^^^^^ source.hlasmListing
>                     NODATAMAP                                                                                                       
#^^^^^^^^^^^^^^^^^^^^^^^^^^^^^^^^^^^^^^^^^^^^^^^^^^^^^^^^^^^^^^^^^^^^^^^^^^^^^^^^^^^^^^^^^^^^^^^^^^^^^^^^^^^^^^^^^^^^^^^^^^^^^^^^^^^^^^ source.hlasmListing
>                     NODBCS                                                                                                          
#^^^^^^^^^^^^^^^^^^^^^^^^^^^^^^^^^^^^^^^^^^^^^^^^^^^^^^^^^^^^^^^^^^^^^^^^^^^^^^^^^^^^^^^^^^^^^^^^^^^^^^^^^^^^^^^^^^^^^^^^^^^^^^^^^^^^^^ source.hlasmListing
> 3 PARM/OPTION       NODECK                                                                                                          
#^^^^^^^^^^^^^^^^^^^^^^^^^^^^^^^^^^^^^^^^^^^^^^^^^^^^^^^^^^^^^^^^^^^^^^^^^^^^^^^^^^^^^^^^^^^^^^^^^^^^^^^^^^^^^^^^^^^^^^^^^^^^^^^^^^^^^^ source.hlasmListing
>                       DXREF                                                                                                         
#^^^^^^^^^^^^^^^^^^^^^^^^^^^^^^^^^^^^^^^^^^^^^^^^^^^^^^^^^^^^^^^^^^^^^^^^^^^^^^^^^^^^^^^^^^^^^^^^^^^^^^^^^^^^^^^^^^^^^^^^^^^^^^^^^^^^^^ source.hlasmListing
>                       EBCDIC(00037)                                                                                                 
#^^^^^^^^^^^^^^^^^^^^^^^^^^^^^^^^^^^^^^^^^^^^^^^^^^^^^^^^^^^^^^^^^^^^^^^^^^^^^^^^^^^^^^^^^^^^^^^^^^^^^^^^^^^^^^^^^^^^^^^^^^^^^^^^^^^^^^ source.hlasmListing
>                       ESD                                                                                                           
#^^^^^^^^^^^^^^^^^^^^^^^^^^^^^^^^^^^^^^^^^^^^^^^^^^^^^^^^^^^^^^^^^^^^^^^^^^^^^^^^^^^^^^^^^^^^^^^^^^^^^^^^^^^^^^^^^^^^^^^^^^^^^^^^^^^^^^ source.hlasmListing
>                     NOEXIT                                                                                                          
#^^^^^^^^^^^^^^^^^^^^^^^^^^^^^^^^^^^^^^^^^^^^^^^^^^^^^^^^^^^^^^^^^^^^^^^^^^^^^^^^^^^^^^^^^^^^^^^^^^^^^^^^^^^^^^^^^^^^^^^^^^^^^^^^^^^^^^ source.hlasmListing
>                       FAIL(NOMSG,NOMNOTE,MAXERRS(500))                                                                              
#^^^^^^^^^^^^^^^^^^^^^^^^^^^^^^^^^^^^^^^^^^^^^^^^^^^^^^^^^^^^^^^^^^^^^^^^^^^^^^^^^^^^^^^^^^^^^^^^^^^^^^^^^^^^^^^^^^^^^^^^^^^^^^^^^^^^^^ source.hlasmListing
>                       FLAG(0,ALIGN,CONT,EXLITW,NOIMPLEN,NOLONGER,NOPAGE0,PUSH,RECORD,RENT,NOSIGNED,NOSUBSTR,NOTRUNC,USING0)         
#^^^^^^^^^^^^^^^^^^^^^^^^^^^^^^^^^^^^^^^^^^^^^^^^^^^^^^^^^^^^^^^^^^^^^^^^^^^^^^^^^^^^^^^^^^^^^^^^^^^^^^^^^^^^^^^^^^^^^^^^^^^^^^^^^^^^^^ source.hlasmListing
>                     NOFOLD                                                                                                          
#^^^^^^^^^^^^^^^^^^^^^^^^^^^^^^^^^^^^^^^^^^^^^^^^^^^^^^^^^^^^^^^^^^^^^^^^^^^^^^^^^^^^^^^^^^^^^^^^^^^^^^^^^^^^^^^^^^^^^^^^^^^^^^^^^^^^^^ source.hlasmListing
>                     NOGOFF                                                                                                          
#^^^^^^^^^^^^^^^^^^^^^^^^^^^^^^^^^^^^^^^^^^^^^^^^^^^^^^^^^^^^^^^^^^^^^^^^^^^^^^^^^^^^^^^^^^^^^^^^^^^^^^^^^^^^^^^^^^^^^^^^^^^^^^^^^^^^^^ source.hlasmListing
>                       ILMA                                                                                                          
#^^^^^^^^^^^^^^^^^^^^^^^^^^^^^^^^^^^^^^^^^^^^^^^^^^^^^^^^^^^^^^^^^^^^^^^^^^^^^^^^^^^^^^^^^^^^^^^^^^^^^^^^^^^^^^^^^^^^^^^^^^^^^^^^^^^^^^ source.hlasmListing
>                     NOINFO                                                                                                          
#^^^^^^^^^^^^^^^^^^^^^^^^^^^^^^^^^^^^^^^^^^^^^^^^^^^^^^^^^^^^^^^^^^^^^^^^^^^^^^^^^^^^^^^^^^^^^^^^^^^^^^^^^^^^^^^^^^^^^^^^^^^^^^^^^^^^^^ source.hlasmListing
>                       LANGUAGE(EN)                                                                                                  
#^^^^^^^^^^^^^^^^^^^^^^^^^^^^^^^^^^^^^^^^^^^^^^^^^^^^^^^^^^^^^^^^^^^^^^^^^^^^^^^^^^^^^^^^^^^^^^^^^^^^^^^^^^^^^^^^^^^^^^^^^^^^^^^^^^^^^^ source.hlasmListing
>                     NOLIBMAC                                                                                                        
#^^^^^^^^^^^^^^^^^^^^^^^^^^^^^^^^^^^^^^^^^^^^^^^^^^^^^^^^^^^^^^^^^^^^^^^^^^^^^^^^^^^^^^^^^^^^^^^^^^^^^^^^^^^^^^^^^^^^^^^^^^^^^^^^^^^^^^ source.hlasmListing
> 3 PARM/OPTION         LINECOUNT(0)                                                                                                  
#^^^^^^^^^^^^^^^^^^^^^^^^^^^^^^^^^^^^^^^^^^^^^^^^^^^^^^^^^^^^^^^^^^^^^^^^^^^^^^^^^^^^^^^^^^^^^^^^^^^^^^^^^^^^^^^^^^^^^^^^^^^^^^^^^^^^^^ source.hlasmListing
> 3 PARM/OPTION         LIST(133)                                                                                                     
#^^^^^^^^^^^^^^^^^^^^^^^^^^^^^^^^^^^^^^^^^^^^^^^^^^^^^^^^^^^^^^^^^^^^^^^^^^^^^^^^^^^^^^^^^^^^^^^^^^^^^^^^^^^^^^^^^^^^^^^^^^^^^^^^^^^^^^ source.hlasmListing
>                       MACHINE(,NOLIST)                                                                                              
#^^^^^^^^^^^^^^^^^^^^^^^^^^^^^^^^^^^^^^^^^^^^^^^^^^^^^^^^^^^^^^^^^^^^^^^^^^^^^^^^^^^^^^^^^^^^^^^^^^^^^^^^^^^^^^^^^^^^^^^^^^^^^^^^^^^^^^ source.hlasmListing
>                       MXREF(SOURCE)                                                                                                 
#^^^^^^^^^^^^^^^^^^^^^^^^^^^^^^^^^^^^^^^^^^^^^^^^^^^^^^^^^^^^^^^^^^^^^^^^^^^^^^^^^^^^^^^^^^^^^^^^^^^^^^^^^^^^^^^^^^^^^^^^^^^^^^^^^^^^^^ source.hlasmListing
> 3 PARM/OPTION         OBJECT                                                                                                        
#^^^^^^^^^^^^^^^^^^^^^^^^^^^^^^^^^^^^^^^^^^^^^^^^^^^^^^^^^^^^^^^^^^^^^^^^^^^^^^^^^^^^^^^^^^^^^^^^^^^^^^^^^^^^^^^^^^^^^^^^^^^^^^^^^^^^^^ source.hlasmListing
>                       OPTABLE(UNI,NOLIST)                                                                                           
#^^^^^^^^^^^^^^^^^^^^^^^^^^^^^^^^^^^^^^^^^^^^^^^^^^^^^^^^^^^^^^^^^^^^^^^^^^^^^^^^^^^^^^^^^^^^^^^^^^^^^^^^^^^^^^^^^^^^^^^^^^^^^^^^^^^^^^ source.hlasmListing
>                     NOPCONTROL                                                                                                      
#^^^^^^^^^^^^^^^^^^^^^^^^^^^^^^^^^^^^^^^^^^^^^^^^^^^^^^^^^^^^^^^^^^^^^^^^^^^^^^^^^^^^^^^^^^^^^^^^^^^^^^^^^^^^^^^^^^^^^^^^^^^^^^^^^^^^^^ source.hlasmListing
>                     NOPESTOP                                                                                                        
#^^^^^^^^^^^^^^^^^^^^^^^^^^^^^^^^^^^^^^^^^^^^^^^^^^^^^^^^^^^^^^^^^^^^^^^^^^^^^^^^^^^^^^^^^^^^^^^^^^^^^^^^^^^^^^^^^^^^^^^^^^^^^^^^^^^^^^ source.hlasmListing
>                     NOPROFILE                                                                                                       
#^^^^^^^^^^^^^^^^^^^^^^^^^^^^^^^^^^^^^^^^^^^^^^^^^^^^^^^^^^^^^^^^^^^^^^^^^^^^^^^^^^^^^^^^^^^^^^^^^^^^^^^^^^^^^^^^^^^^^^^^^^^^^^^^^^^^^^ source.hlasmListing
>                     NORA2                                                                                                           
#^^^^^^^^^^^^^^^^^^^^^^^^^^^^^^^^^^^^^^^^^^^^^^^^^^^^^^^^^^^^^^^^^^^^^^^^^^^^^^^^^^^^^^^^^^^^^^^^^^^^^^^^^^^^^^^^^^^^^^^^^^^^^^^^^^^^^^ source.hlasmListing
>                     NORENT                                                                                                          
#^^^^^^^^^^^^^^^^^^^^^^^^^^^^^^^^^^^^^^^^^^^^^^^^^^^^^^^^^^^^^^^^^^^^^^^^^^^^^^^^^^^^^^^^^^^^^^^^^^^^^^^^^^^^^^^^^^^^^^^^^^^^^^^^^^^^^^ source.hlasmListing
>                       RLD                                                                                                           
#^^^^^^^^^^^^^^^^^^^^^^^^^^^^^^^^^^^^^^^^^^^^^^^^^^^^^^^^^^^^^^^^^^^^^^^^^^^^^^^^^^^^^^^^^^^^^^^^^^^^^^^^^^^^^^^^^^^^^^^^^^^^^^^^^^^^^^ source.hlasmListing
>                       RXREF                                                                                                         
#^^^^^^^^^^^^^^^^^^^^^^^^^^^^^^^^^^^^^^^^^^^^^^^^^^^^^^^^^^^^^^^^^^^^^^^^^^^^^^^^^^^^^^^^^^^^^^^^^^^^^^^^^^^^^^^^^^^^^^^^^^^^^^^^^^^^^^ source.hlasmListing
>                       SECTALGN(8)                                                                                                   
#^^^^^^^^^^^^^^^^^^^^^^^^^^^^^^^^^^^^^^^^^^^^^^^^^^^^^^^^^^^^^^^^^^^^^^^^^^^^^^^^^^^^^^^^^^^^^^^^^^^^^^^^^^^^^^^^^^^^^^^^^^^^^^^^^^^^^^ source.hlasmListing
>                       SIZE(MAX)                                                                                                     
#^^^^^^^^^^^^^^^^^^^^^^^^^^^^^^^^^^^^^^^^^^^^^^^^^^^^^^^^^^^^^^^^^^^^^^^^^^^^^^^^^^^^^^^^^^^^^^^^^^^^^^^^^^^^^^^^^^^^^^^^^^^^^^^^^^^^^^ source.hlasmListing
>                     NOSUPRWARN                                                                                                      
#^^^^^^^^^^^^^^^^^^^^^^^^^^^^^^^^^^^^^^^^^^^^^^^^^^^^^^^^^^^^^^^^^^^^^^^^^^^^^^^^^^^^^^^^^^^^^^^^^^^^^^^^^^^^^^^^^^^^^^^^^^^^^^^^^^^^^^ source.hlasmListing
>                       SYSPARM()                                                                                                     
#^^^^^^^^^^^^^^^^^^^^^^^^^^^^^^^^^^^^^^^^^^^^^^^^^^^^^^^^^^^^^^^^^^^^^^^^^^^^^^^^^^^^^^^^^^^^^^^^^^^^^^^^^^^^^^^^^^^^^^^^^^^^^^^^^^^^^^ source.hlasmListing
>                     NOTERM                                                                                                          
#^^^^^^^^^^^^^^^^^^^^^^^^^^^^^^^^^^^^^^^^^^^^^^^^^^^^^^^^^^^^^^^^^^^^^^^^^^^^^^^^^^^^^^^^^^^^^^^^^^^^^^^^^^^^^^^^^^^^^^^^^^^^^^^^^^^^^^ source.hlasmListing
>                     NOTEST                                                                                                          
#^^^^^^^^^^^^^^^^^^^^^^^^^^^^^^^^^^^^^^^^^^^^^^^^^^^^^^^^^^^^^^^^^^^^^^^^^^^^^^^^^^^^^^^^^^^^^^^^^^^^^^^^^^^^^^^^^^^^^^^^^^^^^^^^^^^^^^ source.hlasmListing
>                       THREAD                                                                                                        
#^^^^^^^^^^^^^^^^^^^^^^^^^^^^^^^^^^^^^^^^^^^^^^^^^^^^^^^^^^^^^^^^^^^^^^^^^^^^^^^^^^^^^^^^^^^^^^^^^^^^^^^^^^^^^^^^^^^^^^^^^^^^^^^^^^^^^^ source.hlasmListing
>                     NOTRANSLATE                                                                                                     
#^^^^^^^^^^^^^^^^^^^^^^^^^^^^^^^^^^^^^^^^^^^^^^^^^^^^^^^^^^^^^^^^^^^^^^^^^^^^^^^^^^^^^^^^^^^^^^^^^^^^^^^^^^^^^^^^^^^^^^^^^^^^^^^^^^^^^^ source.hlasmListing
>                       TYPECHECK(MAGNITUDE,REGISTER,SIGNED)                                                                          
#^^^^^^^^^^^^^^^^^^^^^^^^^^^^^^^^^^^^^^^^^^^^^^^^^^^^^^^^^^^^^^^^^^^^^^^^^^^^^^^^^^^^^^^^^^^^^^^^^^^^^^^^^^^^^^^^^^^^^^^^^^^^^^^^^^^^^^ source.hlasmListing
>                       UNICODE(01200)                                                                                                
#^^^^^^^^^^^^^^^^^^^^^^^^^^^^^^^^^^^^^^^^^^^^^^^^^^^^^^^^^^^^^^^^^^^^^^^^^^^^^^^^^^^^^^^^^^^^^^^^^^^^^^^^^^^^^^^^^^^^^^^^^^^^^^^^^^^^^^ source.hlasmListing
>                       USING(NOLIMIT,MAP,WARN(15))                                                                                   
#^^^^^^^^^^^^^^^^^^^^^^^^^^^^^^^^^^^^^^^^^^^^^^^^^^^^^^^^^^^^^^^^^^^^^^^^^^^^^^^^^^^^^^^^^^^^^^^^^^^^^^^^^^^^^^^^^^^^^^^^^^^^^^^^^^^^^^ source.hlasmListing
>                     NOWORKFILE                                                                                                      
#^^^^^^^^^^^^^^^^^^^^^^^^^^^^^^^^^^^^^^^^^^^^^^^^^^^^^^^^^^^^^^^^^^^^^^^^^^^^^^^^^^^^^^^^^^^^^^^^^^^^^^^^^^^^^^^^^^^^^^^^^^^^^^^^^^^^^^ source.hlasmListing
>                       XREF(SHORT,UNREFS)                                                                                            
#^^^^^^^^^^^^^^^^^^^^^^^^^^^^^^^^^^^^^^^^^^^^^^^^^^^^^^^^^^^^^^^^^^^^^^^^^^^^^^^^^^^^^^^^^^^^^^^^^^^^^^^^^^^^^^^^^^^^^^^^^^^^^^^^^^^^^^ source.hlasmListing
>                                                                                                                                     
>   No Overriding DD Names                                                                                                            
#^^^^^^^^^^^^^^^^^^^^^^^^^^^^^^^^^^^^^^^^^^^^^^^^^^^^^^^^^^^^^^^^^^^^^^^^^^^^^^^^^^^^^^^^^^^^^^^^^^^^^^^^^^^^^^^^^^^^^^^^^^^^^^^^^^^^^^ source.hlasmListing
>                                                                                                                                     
>                                               External Symbol Dictionary                                       Page    2            
#^^^^^^^^^^^^^^^^^^^^^^^^^^^^^^^^^^^^^^^^^^^^^^^^^^^^^^^^^^^^^^^^^^^^^^^^^^^^^^^^^^^^^^^^^^^^^^^^^^^^^^^^^^^^^^^^^^^^^^^^^^^^^^^^^^^^^^ source.hlasmListing
> Symbol   Type   Id     Address  Length   Owner Id Flags Alias-of                            HLASM R6.0  2025/08/05 03.48            
#^^^^^^^^^^^^^^^^^^^^^^^^^^^^^^^^^^^^^^^^^^^^^^^^^^^^^^^^^^^^^^^^^^^^^^^^^^^^^^^^^^^^^^^^^^^^^^^^^^^^^^^^^^^^^^^^^^^^^^^^^^^^^^^^^^^^^^ source.hlasmListing
>           PC 00000001 00000000 00000120             00                                                                              
#^^^^^^^^^^^^^^^^^^^^^^^^^^^^^^^^^^^^^^^^^^^^^^^^^^^^^^^^^^^^^^^^^^^^^^^^^^^^^^^^^^^^^^^^^^^^^^^^^^^^^^^^^^^^^^^^^^^^^^^^^^^^^^^^^^^^^^ source.hlasmListing
>                                                                                                                Page    3            
#^^^^^^^^^^^^^^^^^^^^^^^^^^^^^^^^^^^^^^^^^^^^^^^^^^^^^^^^^^^^^^^^^^^^^^^^^^^^^^^^^^^^^^^^^^^^^^^^^^^^^^^^^^^^^^^^^^^^^^^^^^^^^^^^^^^^^^ source.hlasmListing
>   Loc    Object Code      Addr1    Addr2    Stmt  Source Statement                          HLASM R6.0  2025/08/05 03.48            
#^^^^^^^^^^^^^^^^^^^^^^^^^^^^^^^^^^^^^^^^^^^^^^^^^^^^^^^^^^^^^^^^^^^^^^^^^^^^^^^^^^^^^^^^^^^^^^^^^^^^^^^^^^^^^^^^^^^^^^^^^^^^^^^^^^^^^ source.hlasmListing
> 00000000 C000 0000 0008          00000010      1          LARL  0,=C'AAAABBBBCCCCDDDDSDJFLSASDFASDFASFDASDFASDFASDFASDFS+           
#^^^^^^^^^^ source.hlasmListing
#          ^^ source.hlasmListing entity.name.function.hlasm
#            ^^^^^^^^^^^^ source.hlasmListing constant.numeric.hlasm
#                        ^ source.hlasmListing
#                         ^^^^^^^^^^^^^^^^^^^^^^^^^ source.hlasmListing
#                                                  ^^^^^^^^^ source.hlasmListing
#                                                           ^^^^ source.hlasmListing entity.name.function.hlasm
#                                                               ^^ source.hlasmListing
#                                                                 ^ source.hlasmListing punctuation.definition.tag.hlasm constant.numeric.hlasm
#                                                                  ^^ source.hlasmListing
#                                                                    ^ source.hlasmListing punctuation.definition.tag.hlasm punctuation.definition.tag.hlasm
#                                                                     ^ source.hlasmListing string.hlasm
#                                                                      ^^^^^^^^^^^^^^^^^^^^^^^^^^^^^^^^^^^^^^^^^^^^^^^^^^^ source.hlasmListing string.hlasm
#                                                                                                                         ^ source.hlasmListing keyword.other.hlasm
#                                                                                                                          ^^^^^^^^^^^ source.hlasmListing invalid.ignored
>                                                                 ASDFASDFASDFBCCCCASDFASDFLSASDFASDFASFDASDFASDFASDFASDFS+           
#^^^^^^^^^^^^^^^^^^^^^^^^^^^^^^^^^^^^^^^^^^^^^^^^^^^^^^^^^^^^^^^^^ source.hlasmListing
#                                                                 ^^^^^^^^^^^^^^^^^^^^^^^^^^^^^^^^^^^^^^^^^^^^^^^^^^^^^^^^ source.hlasmListing string.hlasm
#                                                                                                                         ^ source.hlasmListing keyword.other.hlasm
#                                                                                                                          ^^^^^^^^^^^ source.hlasmListing invalid.ignored
>                                                                 SLKJFLSDKJFLSDJLFSJDLFJSKLDJFLSJDLFSLDFJKSDLF'                      
#^^^^^^^^^^^^^^^^^^^^^^^^^^^^^^^^^^^^^^^^^^^^^^^^^^^^^^^^^^^^^^^^^ source.hlasmListing
#                                                                 ^^^^^^^^^^^^^^^^^^^^^^^^^^^^^^^^^^^^^^^^^^^^^^ source.hlasmListing string.hlasm
#                                                                                                               ^ source.hlasmListing
#                                                                                                                ^^^^^^^^^ source.hlasmListing comment.hlasm
#                                                                                                                         ^ source.hlasmListing
#                                                                                                                          ^^^^^^^^^^^ source.hlasmListing invalid.ignored
> 00000006 C000 0000 0051          000000A8      2          LARL   0,=A(0,0,0,0,0,0,0,0,0,0,0,0,0,0,0,0,0,0,0,0,0,0,0,0,0,+           
#^^^^^^^^^^ source.hlasmListing
#          ^^ source.hlasmListing entity.name.function.hlasm
#            ^^^^^^^^^^^^ source.hlasmListing constant.numeric.hlasm
#                        ^ source.hlasmListing
#                         ^^^^^^^^^^^^^^^^^^^^^^^^^ source.hlasmListing
#                                                  ^^^^^^^^^ source.hlasmListing
#                                                           ^^^^ source.hlasmListing entity.name.function.hlasm
#                                                               ^^^ source.hlasmListing
#                                                                  ^ source.hlasmListing punctuation.definition.tag.hlasm constant.numeric.hlasm
#                                                                   ^^ source.hlasmListing
#                                                                     ^ source.hlasmListing punctuation.definition.tag.hlasm punctuation.definition.tag.hlasm
#                                                                      ^ source.hlasmListing
#                                                                       ^ source.hlasmListing punctuation.definition.tag.hlasm constant.numeric.hlasm
#                                                                        ^ source.hlasmListing
#                                                                         ^ source.hlasmListing punctuation.definition.tag.hlasm constant.numeric.hlasm
#                                                                          ^ source.hlasmListing
#                                                                           ^ source.hlasmListing punctuation.definition.tag.hlasm constant.numeric.hlasm
#                                                                            ^ source.hlasmListing
#                                                                             ^ source.hlasmListing punctuation.definition.tag.hlasm constant.numeric.hlasm
#                                                                              ^ source.hlasmListing
#                                                                               ^ source.hlasmListing punctuation.definition.tag.hlasm constant.numeric.hlasm
#                                                                                ^ source.hlasmListing
#                                                                                 ^ source.hlasmListing punctuation.definition.tag.hlasm constant.numeric.hlasm
#                                                                                  ^ source.hlasmListing
#                                                                                   ^ source.hlasmListing punctuation.definition.tag.hlasm constant.numeric.hlasm
#                                                                                    ^ source.hlasmListing
#                                                                                     ^ source.hlasmListing punctuation.definition.tag.hlasm constant.numeric.hlasm
#                                                                                      ^ source.hlasmListing
#                                                                                       ^ source.hlasmListing punctuation.definition.tag.hlasm constant.numeric.hlasm
#                                                                                        ^ source.hlasmListing
#                                                                                         ^ source.hlasmListing punctuation.definition.tag.hlasm constant.numeric.hlasm
#                                                                                          ^ source.hlasmListing
#                                                                                           ^ source.hlasmListing punctuation.definition.tag.hlasm constant.numeric.hlasm
#                                                                                            ^ source.hlasmListing
#                                                                                             ^ source.hlasmListing punctuation.definition.tag.hlasm constant.numeric.hlasm
#                                                                                              ^ source.hlasmListing
#                                                                                               ^ source.hlasmListing punctuation.definition.tag.hlasm constant.numeric.hlasm
#                                                                                                ^ source.hlasmListing
#                                                                                                 ^ source.hlasmListing punctuation.definition.tag.hlasm constant.numeric.hlasm
#                                                                                                  ^ source.hlasmListing
#                                                                                                   ^ source.hlasmListing punctuation.definition.tag.hlasm constant.numeric.hlasm
#                                                                                                    ^ source.hlasmListing
#                                                                                                     ^ source.hlasmListing punctuation.definition.tag.hlasm constant.numeric.hlasm
#                                                                                                      ^ source.hlasmListing
#                                                                                                       ^ source.hlasmListing punctuation.definition.tag.hlasm constant.numeric.hlasm
#                                                                                                        ^ source.hlasmListing
#                                                                                                         ^ source.hlasmListing punctuation.definition.tag.hlasm constant.numeric.hlasm
#                                                                                                          ^ source.hlasmListing
#                                                                                                           ^ source.hlasmListing punctuation.definition.tag.hlasm constant.numeric.hlasm
#                                                                                                            ^ source.hlasmListing
#                                                                                                             ^ source.hlasmListing punctuation.definition.tag.hlasm constant.numeric.hlasm
#                                                                                                              ^ source.hlasmListing
#                                                                                                               ^ source.hlasmListing punctuation.definition.tag.hlasm constant.numeric.hlasm
#                                                                                                                ^ source.hlasmListing
#                                                                                                                 ^ source.hlasmListing punctuation.definition.tag.hlasm constant.numeric.hlasm
#                                                                                                                  ^ source.hlasmListing
#                                                                                                                   ^ source.hlasmListing punctuation.definition.tag.hlasm constant.numeric.hlasm
#                                                                                                                    ^ source.hlasmListing
#                                                                                                                     ^ source.hlasmListing punctuation.definition.tag.hlasm constant.numeric.hlasm
#                                                                                                                      ^ source.hlasmListing
#                                                                                                                       ^ source.hlasmListing punctuation.definition.tag.hlasm constant.numeric.hlasm
#                                                                                                                        ^ source.hlasmListing
#                                                                                                                         ^ source.hlasmListing keyword.other.hlasm
#                                                                                                                          ^^^^^^^^^^^ source.hlasmListing invalid.ignored
>                                                                 0,0,0,0,0)                                                          
#^^^^^^^^^^^^^^^^^^^^^^^^^^^^^^^^^^^^^^^^^^^^^^^^^^^^^^^^^^^^^^^^^ source.hlasmListing
#                                                                 ^ source.hlasmListing punctuation.definition.tag.hlasm constant.numeric.hlasm
#                                                                  ^ source.hlasmListing
#                                                                   ^ source.hlasmListing punctuation.definition.tag.hlasm constant.numeric.hlasm
#                                                                    ^ source.hlasmListing
#                                                                     ^ source.hlasmListing punctuation.definition.tag.hlasm constant.numeric.hlasm
#                                                                      ^ source.hlasmListing
#                                                                       ^ source.hlasmListing punctuation.definition.tag.hlasm constant.numeric.hlasm
#                                                                        ^ source.hlasmListing
#                                                                         ^ source.hlasmListing punctuation.definition.tag.hlasm constant.numeric.hlasm
#                                                                          ^ source.hlasmListing
#                                                                           ^ source.hlasmListing
#                                                                            ^^^^^^^^^^^^^^^^^^^^^^^^^^^^^^^^^^^^^^^^^^^^^ source.hlasmListing comment.hlasm
#                                                                                                                         ^ source.hlasmListing
#                                                                                                                          ^^^^^^^^^^^ source.hlasmListing invalid.ignored
>                                                3          END                                                                       
#^^^^^^^^^^^^^^^^^^^^^^^^^^^^^^^^^^^^^^^^^^^^^^^^^^ source.hlasmListing
#                                                  ^^^^^^^^^ source.hlasmListing
#                                                           ^^^ source.hlasmListing entity.name.function.hlasm
#                                                              ^^^^^^^^^^^^^^^^^^^^^^^^^^^^^^^^^^^^^^^^^^^^^^^^^^^^^^^^^^^^ source.hlasmListing
#                                                                                                                          ^^^^^^^^^^^ source.hlasmListing invalid.ignored
> 00000010 C1C1C1C1C2C2C2C2                      4                =C'AAAABBBBCCCCDDDDSDJFLSASDFASDFASFDASDFASDFASDFASDFSAS            
#^^^^^^^^^^^^^^^^^^^^^^^^^^^^^^^^^^^^^^^^^^^^^^^^^^^^^^^^^^^^^^^^^ source.hlasmListing
#                                                                 ^ source.hlasmListing
#                                                                  ^ source.hlasmListing punctuation.definition.tag.hlasm punctuation.definition.tag.hlasm
#                                                                   ^ source.hlasmListing string.hlasm
#                                                                    ^^^^^^^^^^^^^^^^^^^^^^^^^^^^^^^^^^^^^^^^^^^^^^^^^^^^^ source.hlasmListing string.hlasm
#                                                                                                                         ^ source.hlasmListing
#                                                                                                                          ^^^^^^^^^^^ source.hlasmListing invalid.ignored
> 00000018 C3C3C3C3C4C4C4C4                                       DFASDFASDFBCCCCASDFASDFLSASDFASDFASFDASDFASDFASDFASDFSSL            
#^^^^^^^^^^^^^^^^^^^^^^^^^^^^^^^^^^^^^^^^^^^^^^^^^^^^^^^^^^^^^^^^^ source.hlasmListing
#                                                                 ^^^^^^^^^^^^^^^^^^^^^^^^^^^^^^^^^^^^^^^^^^^^^^^^^^^^^^^^ source.hlasmListing string.hlasm
#                                                                                                                         ^ source.hlasmListing
#                                                                                                                          ^^^^^^^^^^^ source.hlasmListing invalid.ignored
> 00000020 E2C4D1C6D3E2C1E2                                       KJFLSDKJFLSDJLFSJDLFJSKLDJFLSJDLFSLDFJKSDLF'                        
#^^^^^^^^^^^^^^^^^^^^^^^^^^^^^^^^^^^^^^^^^^^^^^^^^^^^^^^^^^^^^^^^^ source.hlasmListing
#                                                                 ^^^^^^^^^^^^^^^^^^^^^^^^^^^^^^^^^^^^^^^^^^^^ source.hlasmListing string.hlasm
#                                                                                                             ^^^^^^^^^^^^ source.hlasmListing
#                                                                                                                         ^^^^^^^^^^^^ source.hlasmListing
> 000000A8 0000000000000000                      5                =A(0,0,0,0,0,0,0,0,0,0,0,0,0,0,0,0,0,0,0,0,0,0,0,0,0,0,0            
#^^^^^^^^^^^^^^^^^^^^^^^^^^^^^^^^^^^^^^^^^^^^^^^^^^^^^^^^^^^^^^^^^ source.hlasmListing
#                                                                 ^ source.hlasmListing
#                                                                  ^ source.hlasmListing punctuation.definition.tag.hlasm punctuation.definition.tag.hlasm
#                                                                   ^ source.hlasmListing
#                                                                    ^ source.hlasmListing punctuation.definition.tag.hlasm constant.numeric.hlasm
#                                                                     ^ source.hlasmListing
#                                                                      ^ source.hlasmListing punctuation.definition.tag.hlasm constant.numeric.hlasm
#                                                                       ^ source.hlasmListing
#                                                                        ^ source.hlasmListing punctuation.definition.tag.hlasm constant.numeric.hlasm
#                                                                         ^ source.hlasmListing
#                                                                          ^ source.hlasmListing punctuation.definition.tag.hlasm constant.numeric.hlasm
#                                                                           ^ source.hlasmListing
#                                                                            ^ source.hlasmListing punctuation.definition.tag.hlasm constant.numeric.hlasm
#                                                                             ^ source.hlasmListing
#                                                                              ^ source.hlasmListing punctuation.definition.tag.hlasm constant.numeric.hlasm
#                                                                               ^ source.hlasmListing
#                                                                                ^ source.hlasmListing punctuation.definition.tag.hlasm constant.numeric.hlasm
#                                                                                 ^ source.hlasmListing
#                                                                                  ^ source.hlasmListing punctuation.definition.tag.hlasm constant.numeric.hlasm
#                                                                                   ^ source.hlasmListing
#                                                                                    ^ source.hlasmListing punctuation.definition.tag.hlasm constant.numeric.hlasm
#                                                                                     ^ source.hlasmListing
#                                                                                      ^ source.hlasmListing punctuation.definition.tag.hlasm constant.numeric.hlasm
#                                                                                       ^ source.hlasmListing
#                                                                                        ^ source.hlasmListing punctuation.definition.tag.hlasm constant.numeric.hlasm
#                                                                                         ^ source.hlasmListing
#                                                                                          ^ source.hlasmListing punctuation.definition.tag.hlasm constant.numeric.hlasm
#                                                                                           ^ source.hlasmListing
#                                                                                            ^ source.hlasmListing punctuation.definition.tag.hlasm constant.numeric.hlasm
#                                                                                             ^ source.hlasmListing
#                                                                                              ^ source.hlasmListing punctuation.definition.tag.hlasm constant.numeric.hlasm
#                                                                                               ^ source.hlasmListing
#                                                                                                ^ source.hlasmListing punctuation.definition.tag.hlasm constant.numeric.hlasm
#                                                                                                 ^ source.hlasmListing
#                                                                                                  ^ source.hlasmListing punctuation.definition.tag.hlasm constant.numeric.hlasm
#                                                                                                   ^ source.hlasmListing
#                                                                                                    ^ source.hlasmListing punctuation.definition.tag.hlasm constant.numeric.hlasm
#                                                                                                     ^ source.hlasmListing
#                                                                                                      ^ source.hlasmListing punctuation.definition.tag.hlasm constant.numeric.hlasm
#                                                                                                       ^ source.hlasmListing
#                                                                                                        ^ source.hlasmListing punctuation.definition.tag.hlasm constant.numeric.hlasm
#                                                                                                         ^ source.hlasmListing
#                                                                                                          ^ source.hlasmListing punctuation.definition.tag.hlasm constant.numeric.hlasm
#                                                                                                           ^ source.hlasmListing
#                                                                                                            ^ source.hlasmListing punctuation.definition.tag.hlasm constant.numeric.hlasm
#                                                                                                             ^ source.hlasmListing
#                                                                                                              ^ source.hlasmListing punctuation.definition.tag.hlasm constant.numeric.hlasm
#                                                                                                               ^ source.hlasmListing
#                                                                                                                ^ source.hlasmListing punctuation.definition.tag.hlasm constant.numeric.hlasm
#                                                                                                                 ^ source.hlasmListing
#                                                                                                                  ^ source.hlasmListing punctuation.definition.tag.hlasm constant.numeric.hlasm
#                                                                                                                   ^ source.hlasmListing
#                                                                                                                    ^ source.hlasmListing punctuation.definition.tag.hlasm constant.numeric.hlasm
#                                                                                                                     ^ source.hlasmListing
#                                                                                                                      ^ source.hlasmListing punctuation.definition.tag.hlasm constant.numeric.hlasm
#                                                                                                                       ^ source.hlasmListing
#                                                                                                                        ^ source.hlasmListing punctuation.definition.tag.hlasm constant.numeric.hlasm
#                                                                                                                         ^^^^^^^^^^^^ source.hlasmListing
> 000000B0 0000000000000000                                       ,0,0,0)                                                             
#^^^^^^^^^^^^^^^^^^^^^^^^^^^^^^^^^^^^^^^^^^^^^^^^^^^^^^^^^^^^^^^^^^ source.hlasmListing
#                                                                  ^ source.hlasmListing punctuation.definition.tag.hlasm constant.numeric.hlasm
#                                                                   ^ source.hlasmListing
#                                                                    ^ source.hlasmListing punctuation.definition.tag.hlasm constant.numeric.hlasm
#                                                                     ^ source.hlasmListing
#                                                                      ^ source.hlasmListing punctuation.definition.tag.hlasm constant.numeric.hlasm
#                                                                       ^ source.hlasmListing
#                                                                        ^^^^^^^^^^^^^^^^^^^^^^^^^^^^^^^^^^^^^^^^^^^^^^^^^ source.hlasmListing
#                                                                                                                         ^^^^^^^^^^^^ source.hlasmListing
>                                Ordinary Symbol and Literal Cross Reference                                     Page    4            
#^^^^^^^^^^^^^^^^^^^^^^^^^^^^^^^^^^^^^^^^^^^^^^^^^^^^^^^^^^^^^^^^^^^^^^^^^^^^^^^^^^^^^^^^^^^^^^^^^^^^^^^^^^^^^^^^^^^^^^^^^^^^^^^^^^^^^^ source.hlasmListing
> Symbol   Length   Value     Id    R Type Asm  Program   Defn References                     HLASM R6.0  2025/08/05 03.48            
#^^^^^^^^^^^^^^^^^^^^^^^^^^^^^^^^^^^^^^^^^^^^^^^^^^^^^^^^^^^^^^^^^^^^^^^^^^^^^^^^^^^^^^^^^^^^^^^^^^^^^^^^^^^^^^^^^^^^^^^^^^^^^^^^^^^^^^ source.hlasmListing
> =A(0,0,0,0,0,0,0,0,0,0,0,0,0,0,0,0,0,0,0,0,0,0,0,0,0,0,0,0,0,0)                                                                     
#^^^^^^^^^^^^^^^^^^^^^^^^^^^^^^^^^^^^^^^^^^^^^^^^^^^^^^^^^^^^^^^^^^^^^^^^^^^^^^^^^^^^^^^^^^^^^^^^^^^^^^^^^^^^^^^^^^^^^^^^^^^^^^^^^^^^^^ source.hlasmListing
>               4 000000A8 00000001     A                    5    2                                                                   
#^^^^^^^^^^^^^^^^^^^^^^^^^^^^^^^^^^^^^^^^^^^^^^^^^^^^^^^^^^^^^^^^^^^^^^^^^^^^^^^^^^^^^^^^^^^^^^^^^^^^^^^^^^^^^^^^^^^^^^^^^^^^^^^^^^^^^^ source.hlasmListing
> =C'AAAABBBBCCCCDDDDSDJFLSASDFASDFASFDASDFASDFASDFASDFSASDFASDFASDFBCCCCASDFASDFLSASDFASDFASFDASDFASD                                
#^^^^^^^^^^^^^^^^^^^^^^^^^^^^^^^^^^^^^^^^^^^^^^^^^^^^^^^^^^^^^^^^^^^^^^^^^^^^^^^^^^^^^^^^^^^^^^^^^^^^^^^^^^^^^^^^^^^^^^^^^^^^^^^^^^^^^^ source.hlasmListing
>      FASDFASDFSSLKJFLSDKJFLSDJLFSJDLFJSKLDJFLSJDLFSLDFJKSDLF'                                                                       
#^^^^^^^^^^^^^^^^^^^^^^^^^^^^^^^^^^^^^^^^^^^^^^^^^^^^^^^^^^^^^^^^^^^^^^^^^^^^^^^^^^^^^^^^^^^^^^^^^^^^^^^^^^^^^^^^^^^^^^^^^^^^^^^^^^^^^^ source.hlasmListing
>             152 00000010 00000001     C                    4    1                                                                   
#^^^^^^^^^^^^^^^^^^^^^^^^^^^^^^^^^^^^^^^^^^^^^^^^^^^^^^^^^^^^^^^^^^^^^^^^^^^^^^^^^^^^^^^^^^^^^^^^^^^^^^^^^^^^^^^^^^^^^^^^^^^^^^^^^^^^^^ source.hlasmListing
>                                    General Purpose Register Cross Reference                                    Page    5            
#^^^^^^^^^^^^^^^^^^^^^^^^^^^^^^^^^^^^^^^^^^^^^^^^^^^^^^^^^^^^^^^^^^^^^^^^^^^^^^^^^^^^^^^^^^^^^^^^^^^^^^^^^^^^^^^^^^^^^^^^^^^^^^^^^^^^^^ source.hlasmListing
>  Register  References (M=modified, B=branch, U=USING, D=DROP, N=index)                      HLASM R6.0  2025/08/05 03.48            
#^^^^^^^^^^^^^^^^^^^^^^^^^^^^^^^^^^^^^^^^^^^^^^^^^^^^^^^^^^^^^^^^^^^^^^^^^^^^^^^^^^^^^^^^^^^^^^^^^^^^^^^^^^^^^^^^^^^^^^^^^^^^^^^^^^^^^^ source.hlasmListing
>     0(0)       1M    2M                                                                                                             
#^^^^^^^^^^^^^^^^^^^^^^^^^^^^^^^^^^^^^^^^^^^^^^^^^^^^^^^^^^^^^^^^^^^^^^^^^^^^^^^^^^^^^^^^^^^^^^^^^^^^^^^^^^^^^^^^^^^^^^^^^^^^^^^^^^^^^^ source.hlasmListing
>     1(1)    (no references identified)                                                                                              
#^^^^^^^^^^^^^^^^^^^^^^^^^^^^^^^^^^^^^^^^^^^^^^^^^^^^^^^^^^^^^^^^^^^^^^^^^^^^^^^^^^^^^^^^^^^^^^^^^^^^^^^^^^^^^^^^^^^^^^^^^^^^^^^^^^^^^^ source.hlasmListing
>     2(2)    (no references identified)                                                                                              
#^^^^^^^^^^^^^^^^^^^^^^^^^^^^^^^^^^^^^^^^^^^^^^^^^^^^^^^^^^^^^^^^^^^^^^^^^^^^^^^^^^^^^^^^^^^^^^^^^^^^^^^^^^^^^^^^^^^^^^^^^^^^^^^^^^^^^^ source.hlasmListing
>     3(3)    (no references identified)                                                                                              
#^^^^^^^^^^^^^^^^^^^^^^^^^^^^^^^^^^^^^^^^^^^^^^^^^^^^^^^^^^^^^^^^^^^^^^^^^^^^^^^^^^^^^^^^^^^^^^^^^^^^^^^^^^^^^^^^^^^^^^^^^^^^^^^^^^^^^^ source.hlasmListing
>     4(4)    (no references identified)                                                                                              
#^^^^^^^^^^^^^^^^^^^^^^^^^^^^^^^^^^^^^^^^^^^^^^^^^^^^^^^^^^^^^^^^^^^^^^^^^^^^^^^^^^^^^^^^^^^^^^^^^^^^^^^^^^^^^^^^^^^^^^^^^^^^^^^^^^^^^^ source.hlasmListing
>     5(5)    (no references identified)                                                                                              
#^^^^^^^^^^^^^^^^^^^^^^^^^^^^^^^^^^^^^^^^^^^^^^^^^^^^^^^^^^^^^^^^^^^^^^^^^^^^^^^^^^^^^^^^^^^^^^^^^^^^^^^^^^^^^^^^^^^^^^^^^^^^^^^^^^^^^^ source.hlasmListing
>     6(6)    (no references identified)                                                                                              
#^^^^^^^^^^^^^^^^^^^^^^^^^^^^^^^^^^^^^^^^^^^^^^^^^^^^^^^^^^^^^^^^^^^^^^^^^^^^^^^^^^^^^^^^^^^^^^^^^^^^^^^^^^^^^^^^^^^^^^^^^^^^^^^^^^^^^^ source.hlasmListing
>     7(7)    (no references identified)                                                                                              
#^^^^^^^^^^^^^^^^^^^^^^^^^^^^^^^^^^^^^^^^^^^^^^^^^^^^^^^^^^^^^^^^^^^^^^^^^^^^^^^^^^^^^^^^^^^^^^^^^^^^^^^^^^^^^^^^^^^^^^^^^^^^^^^^^^^^^^ source.hlasmListing
>     8(8)    (no references identified)                                                                                              
#^^^^^^^^^^^^^^^^^^^^^^^^^^^^^^^^^^^^^^^^^^^^^^^^^^^^^^^^^^^^^^^^^^^^^^^^^^^^^^^^^^^^^^^^^^^^^^^^^^^^^^^^^^^^^^^^^^^^^^^^^^^^^^^^^^^^^^ source.hlasmListing
>     9(9)    (no references identified)                                                                                              
#^^^^^^^^^^^^^^^^^^^^^^^^^^^^^^^^^^^^^^^^^^^^^^^^^^^^^^^^^^^^^^^^^^^^^^^^^^^^^^^^^^^^^^^^^^^^^^^^^^^^^^^^^^^^^^^^^^^^^^^^^^^^^^^^^^^^^^ source.hlasmListing
>    10(A)    (no references identified)                                                                                              
#^^^^^^^^^^^^^^^^^^^^^^^^^^^^^^^^^^^^^^^^^^^^^^^^^^^^^^^^^^^^^^^^^^^^^^^^^^^^^^^^^^^^^^^^^^^^^^^^^^^^^^^^^^^^^^^^^^^^^^^^^^^^^^^^^^^^^^ source.hlasmListing
>    11(B)    (no references identified)                                                                                              
#^^^^^^^^^^^^^^^^^^^^^^^^^^^^^^^^^^^^^^^^^^^^^^^^^^^^^^^^^^^^^^^^^^^^^^^^^^^^^^^^^^^^^^^^^^^^^^^^^^^^^^^^^^^^^^^^^^^^^^^^^^^^^^^^^^^^^^ source.hlasmListing
>    12(C)    (no references identified)                                                                                              
#^^^^^^^^^^^^^^^^^^^^^^^^^^^^^^^^^^^^^^^^^^^^^^^^^^^^^^^^^^^^^^^^^^^^^^^^^^^^^^^^^^^^^^^^^^^^^^^^^^^^^^^^^^^^^^^^^^^^^^^^^^^^^^^^^^^^^^ source.hlasmListing
>    13(D)    (no references identified)                                                                                              
#^^^^^^^^^^^^^^^^^^^^^^^^^^^^^^^^^^^^^^^^^^^^^^^^^^^^^^^^^^^^^^^^^^^^^^^^^^^^^^^^^^^^^^^^^^^^^^^^^^^^^^^^^^^^^^^^^^^^^^^^^^^^^^^^^^^^^^ source.hlasmListing
>    14(E)    (no references identified)                                                                                              
#^^^^^^^^^^^^^^^^^^^^^^^^^^^^^^^^^^^^^^^^^^^^^^^^^^^^^^^^^^^^^^^^^^^^^^^^^^^^^^^^^^^^^^^^^^^^^^^^^^^^^^^^^^^^^^^^^^^^^^^^^^^^^^^^^^^^^^ source.hlasmListing
>    15(F)    (no references identified)                                                                                              
#^^^^^^^^^^^^^^^^^^^^^^^^^^^^^^^^^^^^^^^^^^^^^^^^^^^^^^^^^^^^^^^^^^^^^^^^^^^^^^^^^^^^^^^^^^^^^^^^^^^^^^^^^^^^^^^^^^^^^^^^^^^^^^^^^^^^^^ source.hlasmListing
>                                   Diagnostic Cross Reference and Assembler Summary                             Page    6            
#^^^^^^^^^^^^^^^^^^^^^^^^^^^^^^^^^^^^^^^^^^^^^^^^^^^^^^^^^^^^^^^^^^^^^^^^^^^^^^^^^^^^^^^^^^^^^^^^^^^^^^^^^^^^^^^^^^^^^^^^^^^^^^^^^^^^^^ source.hlasmListing
>                                                                                             HLASM R6.0  2025/08/05 03.48            
#^^^^^^^^^^^^^^^^^^^^^^^^^^^^^^^^^^^^^^^^^^^^^^^^^^^^^^^^^^^^^^^^^^^^^^^^^^^^^^^^^^^^^^^^^^^^^^^^^^^^^^^^^^^^^^^^^^^^^^^^^^^^^^^^^^^^^^ source.hlasmListing
>      No Statements Flagged in this Assembly                                                                                         
#^^^^^^^^^^^^^^^^^^^^^^^^^^^^^^^^^^^^^^^^^^^^^^^^^^^^^^^^^^^^^^^^^^^^^^^^^^^^^^^^^^^^^^^^^^^^^^^^^^^^^^^^^^^^^^^^^^^^^^^^^^^^^^^^^^^^^^ source.hlasmListing
> HIGH LEVEL ASSEMBLER, 5696-234, RELEASE 6.0, PTF UO03644                                                                            
#^^^^^^^^^^^^^^^^^^^^^^^^^^^^^^^^^^^^^^^^^^^^^^^^^^^^^^^^^^^^^^^^^^^^^^^^^^^^^^^^^^^^^^^^^^^^^^^^^^^^^^^^^^^^^^^^^^^^^^^^^^^^^^^^^^^^^^ source.hlasmListing
> SYSTEM: z/OS 03.01.00              JOBNAME: XXXXXXXX    STEPNAME: STEP1      PROCSTEP: C                                            
#^^^^^^^^^^^^^^^^^^^^^^^^^^^^^^^^^^^^^^^^^^^^^^^^^^^^^^^^^^^^^^^^^^^^^^^^^^^^^^^^^^^^^^^^^^^^^^^^^^^^^^^^^^^^^^^^^^^^^^^^^^^^^^^^^^^^^^ source.hlasmListing
> Unicode Module:   ASMA047C   From Page     1148   To Page    17584           ECECP: International 1                                 
#^^^^^^^^^^^^^^^^^^^^^^^^^^^^^^^^^^^^^^^^^^^^^^^^^^^^^^^^^^^^^^^^^^^^^^^^^^^^^^^^^^^^^^^^^^^^^^^^^^^^^^^^^^^^^^^^^^^^^^^^^^^^^^^^^^^^^^ source.hlasmListing
> Data Sets Allocated for this Assembly                                                                                               
#^^^^^^^^^^^^^^^^^^^^^^^^^^^^^^^^^^^^^^^^^^^^^^^^^^^^^^^^^^^^^^^^^^^^^^^^^^^^^^^^^^^^^^^^^^^^^^^^^^^^^^^^^^^^^^^^^^^^^^^^^^^^^^^^^^^^^^ source.hlasmListing
>  Con DDname   Data Set Name                                Volume  Member                                                           
#^^^^^^^^^^^^^^^^^^^^^^^^^^^^^^^^^^^^^^^^^^^^^^^^^^^^^^^^^^^^^^^^^^^^^^^^^^^^^^^^^^^^^^^^^^^^^^^^^^^^^^^^^^^^^^^^^^^^^^^^^^^^^^^^^^^^^^ source.hlasmListing
>   P1 SYSIN    XXXXXXX.XXXXXXXX.XXXXXXXX.XXXXXXXX.?                                                                                  
#^^^^^^^^^^^^^^^^^^^^^^^^^^^^^^^^^^^^^^^^^^^^^^^^^^^^^^^^^^^^^^^^^^^^^^^^^^^^^^^^^^^^^^^^^^^^^^^^^^^^^^^^^^^^^^^^^^^^^^^^^^^^^^^^^^^^^^ source.hlasmListing
>   L1 SYSLIB   XXXX.XXXXXXXX                                XXXXXX                                                                   
#^^^^^^^^^^^^^^^^^^^^^^^^^^^^^^^^^^^^^^^^^^^^^^^^^^^^^^^^^^^^^^^^^^^^^^^^^^^^^^^^^^^^^^^^^^^^^^^^^^^^^^^^^^^^^^^^^^^^^^^^^^^^^^^^^^^^^^ source.hlasmListing
>   L2          XXXX.XXXXXX                                  XXXXXX                                                                   
#^^^^^^^^^^^^^^^^^^^^^^^^^^^^^^^^^^^^^^^^^^^^^^^^^^^^^^^^^^^^^^^^^^^^^^^^^^^^^^^^^^^^^^^^^^^^^^^^^^^^^^^^^^^^^^^^^^^^^^^^^^^^^^^^^^^^^^ source.hlasmListing
>      SYSLIN   XXXXXXX.XXXXXXXX.XXXXXXXX.XXXXXXXX.XXX                                                                                
#^^^^^^^^^^^^^^^^^^^^^^^^^^^^^^^^^^^^^^^^^^^^^^^^^^^^^^^^^^^^^^^^^^^^^^^^^^^^^^^^^^^^^^^^^^^^^^^^^^^^^^^^^^^^^^^^^^^^^^^^^^^^^^^^^^^^^^ source.hlasmListing
>      SYSPRINT XXXXXXX.XXXXXXXX.XXXXXXXX.XXXXXXXX.?                                                                                  
#^^^^^^^^^^^^^^^^^^^^^^^^^^^^^^^^^^^^^^^^^^^^^^^^^^^^^^^^^^^^^^^^^^^^^^^^^^^^^^^^^^^^^^^^^^^^^^^^^^^^^^^^^^^^^^^^^^^^^^^^^^^^^^^^^^^^^^ source.hlasmListing
>                                                                                                                                     
>   26848K allocated to Buffer Pool       Storage required     200K                                                                   
#^^^^^^^^^^^^^^^^^^^^^^^^^^^^^^^^^^^^^^^^^^^^^^^^^^^^^^^^^^^^^^^^^^^^^^^^^^^^^^^^^^^^^^^^^^^^^^^^^^^^^^^^^^^^^^^^^^^^^^^^^^^^^^^^^^^^^^ source.hlasmListing
>       6 Primary Input Records Read            0 Library Records Read                  0 Work File Reads                             
#^^^^^^^^^^^^^^^^^^^^^^^^^^^^^^^^^^^^^^^^^^^^^^^^^^^^^^^^^^^^^^^^^^^^^^^^^^^^^^^^^^^^^^^^^^^^^^^^^^^^^^^^^^^^^^^^^^^^^^^^^^^^^^^^^^^^^^ source.hlasmListing
>       0 ASMAOPT Records Read                124 Primary Print Records Written         0 Work File Writes                            
#^^^^^^^^^^^^^^^^^^^^^^^^^^^^^^^^^^^^^^^^^^^^^^^^^^^^^^^^^^^^^^^^^^^^^^^^^^^^^^^^^^^^^^^^^^^^^^^^^^^^^^^^^^^^^^^^^^^^^^^^^^^^^^^^^^^^^^ source.hlasmListing
>       8 Object Records Written                0 ADATA Records Written                                                               
#^^^^^^^^^^^^^^^^^^^^^^^^^^^^^^^^^^^^^^^^^^^^^^^^^^^^^^^^^^^^^^^^^^^^^^^^^^^^^^^^^^^^^^^^^^^^^^^^^^^^^^^^^^^^^^^^^^^^^^^^^^^^^^^^^^^^^^ source.hlasmListing
> Assembly Start Time: 03.48.22 Stop Time: 03.48.22 Processor Time: 00.00.00.0002                                                     
#^^^^^^^^^^^^^^^^^^^^^^^^^^^^^^^^^^^^^^^^^^^^^^^^^^^^^^^^^^^^^^^^^^^^^^^^^^^^^^^^^^^^^^^^^^^^^^^^^^^^^^^^^^^^^^^^^^^^^^^^^^^^^^^^^^^^^^ source.hlasmListing
> Return Code 000                                                                                                                     
#^^^^^^^^^^^^^^^^^^^^^^^^^^^^^^^^^^^^^^^^^^^^^^^^^^^^^^^^^^^^^^^^^^^^^^^^^^^^^^^^^^^^^^^^^^^^^^^^^^^^^^^^^^^^^^^^^^^^^^^^^^^^^^^^^^^^^^ source.hlasmListing
>
