>                                                                                                                                    
>                                         High Level Assembler Option Summary                   (PTF AB12345)   Page    1            
#^^^^^^^^^^^^^^^^^^^^^^^^^^^^^^^^^^^^^^^^^^^^^^^^^^^^^^^^^^^^^^^^^^^^^^^^^^^^^^^^^^^^^^^^^^^^^^^^^^^^^^^^^^^^^^^^^^^^^^^^^^^^^^^^^^^^^ source.hlasmListing
>                                                                                            HLASM R1.0  2000/01/01 00.00            
#^^^^^^^^^^^^^^^^^^^^^^^^^^^^^^^^^^^^^^^^^^^^^^^^^^^^^^^^^^^^^^^^^^^^^^^^^^^^^^^^^^^^^^^^^^^^^^^^^^^^^^^^^^^^^^^^^^^^^^^^^^^^^^^^^^^^^ source.hlasmListing
>  No Overriding ASMAOPT Parameters                                                                                                  
#^^^^^^^^^^^^^^^^^^^^^^^^^^^^^^^^^^^^^^^^^^^^^^^^^^^^^^^^^^^^^^^^^^^^^^^^^^^^^^^^^^^^^^^^^^^^^^^^^^^^^^^^^^^^^^^^^^^^^^^^^^^^^^^^^^^^^ source.hlasmListing
>  Overriding Parameters-  ADATA,TERM,LIST(133)                                                                                      
#^^^^^^^^^^^^^^^^^^^^^^^^^^^^^^^^^^^^^^^^^^^^^^^^^^^^^^^^^^^^^^^^^^^^^^^^^^^^^^^^^^^^^^^^^^^^^^^^^^^^^^^^^^^^^^^^^^^^^^^^^^^^^^^^^^^^^ source.hlasmListing
>  No Process Statements                                                                                                             
#^^^^^^^^^^^^^^^^^^^^^^^^^^^^^^^^^^^^^^^^^^^^^^^^^^^^^^^^^^^^^^^^^^^^^^^^^^^^^^^^^^^^^^^^^^^^^^^^^^^^^^^^^^^^^^^^^^^^^^^^^^^^^^^^^^^^^ source.hlasmListing
>                                                                                                                                    
>                                                                                                                                    
>  Options for this Assembly                                                                                                         
#^^^^^^^^^^^^^^^^^^^^^^^^^^^^^^^^^^^^^^^^^^^^^^^^^^^^^^^^^^^^^^^^^^^^^^^^^^^^^^^^^^^^^^^^^^^^^^^^^^^^^^^^^^^^^^^^^^^^^^^^^^^^^^^^^^^^^ source.hlasmListing
>3 PARM/OPTION         ADATA                                                                                                         
#^^^^^^^^^^^^^^^^^^^^^^^^^^^^^^^^^^^^^^^^^^^^^^^^^^^^^^^^^^^^^^^^^^^^^^^^^^^^^^^^^^^^^^^^^^^^^^^^^^^^^^^^^^^^^^^^^^^^^^^^^^^^^^^^^^^^^ source.hlasmListing
>                      ALIGN                                                                                                         
#^^^^^^^^^^^^^^^^^^^^^^^^^^^^^^^^^^^^^^^^^^^^^^^^^^^^^^^^^^^^^^^^^^^^^^^^^^^^^^^^^^^^^^^^^^^^^^^^^^^^^^^^^^^^^^^^^^^^^^^^^^^^^^^^^^^^^ source.hlasmListing
>                    NOASA                                                                                                           
#^^^^^^^^^^^^^^^^^^^^^^^^^^^^^^^^^^^^^^^^^^^^^^^^^^^^^^^^^^^^^^^^^^^^^^^^^^^^^^^^^^^^^^^^^^^^^^^^^^^^^^^^^^^^^^^^^^^^^^^^^^^^^^^^^^^^^ source.hlasmListing
>                      ASCII(00819)                                                                                                  
#^^^^^^^^^^^^^^^^^^^^^^^^^^^^^^^^^^^^^^^^^^^^^^^^^^^^^^^^^^^^^^^^^^^^^^^^^^^^^^^^^^^^^^^^^^^^^^^^^^^^^^^^^^^^^^^^^^^^^^^^^^^^^^^^^^^^^ source.hlasmListing
>                      BATCH                                                                                                         
#^^^^^^^^^^^^^^^^^^^^^^^^^^^^^^^^^^^^^^^^^^^^^^^^^^^^^^^^^^^^^^^^^^^^^^^^^^^^^^^^^^^^^^^^^^^^^^^^^^^^^^^^^^^^^^^^^^^^^^^^^^^^^^^^^^^^^ source.hlasmListing
>                      CA(LOCAL)                                                                                                     
#^^^^^^^^^^^^^^^^^^^^^^^^^^^^^^^^^^^^^^^^^^^^^^^^^^^^^^^^^^^^^^^^^^^^^^^^^^^^^^^^^^^^^^^^^^^^^^^^^^^^^^^^^^^^^^^^^^^^^^^^^^^^^^^^^^^^^ source.hlasmListing
>                      CE(LOCAL)                                                                                                     
#^^^^^^^^^^^^^^^^^^^^^^^^^^^^^^^^^^^^^^^^^^^^^^^^^^^^^^^^^^^^^^^^^^^^^^^^^^^^^^^^^^^^^^^^^^^^^^^^^^^^^^^^^^^^^^^^^^^^^^^^^^^^^^^^^^^^^ source.hlasmListing
>                      CODEPAGE(01148)                                                                                               
#^^^^^^^^^^^^^^^^^^^^^^^^^^^^^^^^^^^^^^^^^^^^^^^^^^^^^^^^^^^^^^^^^^^^^^^^^^^^^^^^^^^^^^^^^^^^^^^^^^^^^^^^^^^^^^^^^^^^^^^^^^^^^^^^^^^^^ source.hlasmListing
>                    NOCOMPAT                                                                                                        
#^^^^^^^^^^^^^^^^^^^^^^^^^^^^^^^^^^^^^^^^^^^^^^^^^^^^^^^^^^^^^^^^^^^^^^^^^^^^^^^^^^^^^^^^^^^^^^^^^^^^^^^^^^^^^^^^^^^^^^^^^^^^^^^^^^^^^ source.hlasmListing
>                      CU(LOCAL)                                                                                                     
#^^^^^^^^^^^^^^^^^^^^^^^^^^^^^^^^^^^^^^^^^^^^^^^^^^^^^^^^^^^^^^^^^^^^^^^^^^^^^^^^^^^^^^^^^^^^^^^^^^^^^^^^^^^^^^^^^^^^^^^^^^^^^^^^^^^^^ source.hlasmListing
>                    NODATAMAP                                                                                                       
#^^^^^^^^^^^^^^^^^^^^^^^^^^^^^^^^^^^^^^^^^^^^^^^^^^^^^^^^^^^^^^^^^^^^^^^^^^^^^^^^^^^^^^^^^^^^^^^^^^^^^^^^^^^^^^^^^^^^^^^^^^^^^^^^^^^^^ source.hlasmListing
>                    NODBCS                                                                                                          
#^^^^^^^^^^^^^^^^^^^^^^^^^^^^^^^^^^^^^^^^^^^^^^^^^^^^^^^^^^^^^^^^^^^^^^^^^^^^^^^^^^^^^^^^^^^^^^^^^^^^^^^^^^^^^^^^^^^^^^^^^^^^^^^^^^^^^ source.hlasmListing
>                    NODECK                                                                                                          
#^^^^^^^^^^^^^^^^^^^^^^^^^^^^^^^^^^^^^^^^^^^^^^^^^^^^^^^^^^^^^^^^^^^^^^^^^^^^^^^^^^^^^^^^^^^^^^^^^^^^^^^^^^^^^^^^^^^^^^^^^^^^^^^^^^^^^ source.hlasmListing
>                      DXREF                                                                                                         
#^^^^^^^^^^^^^^^^^^^^^^^^^^^^^^^^^^^^^^^^^^^^^^^^^^^^^^^^^^^^^^^^^^^^^^^^^^^^^^^^^^^^^^^^^^^^^^^^^^^^^^^^^^^^^^^^^^^^^^^^^^^^^^^^^^^^^ source.hlasmListing
>                      EBCDIC(00037)                                                                                                 
#^^^^^^^^^^^^^^^^^^^^^^^^^^^^^^^^^^^^^^^^^^^^^^^^^^^^^^^^^^^^^^^^^^^^^^^^^^^^^^^^^^^^^^^^^^^^^^^^^^^^^^^^^^^^^^^^^^^^^^^^^^^^^^^^^^^^^ source.hlasmListing
>                      ESD                                                                                                           
#^^^^^^^^^^^^^^^^^^^^^^^^^^^^^^^^^^^^^^^^^^^^^^^^^^^^^^^^^^^^^^^^^^^^^^^^^^^^^^^^^^^^^^^^^^^^^^^^^^^^^^^^^^^^^^^^^^^^^^^^^^^^^^^^^^^^^ source.hlasmListing
>                    NOEXIT                                                                                                          
#^^^^^^^^^^^^^^^^^^^^^^^^^^^^^^^^^^^^^^^^^^^^^^^^^^^^^^^^^^^^^^^^^^^^^^^^^^^^^^^^^^^^^^^^^^^^^^^^^^^^^^^^^^^^^^^^^^^^^^^^^^^^^^^^^^^^^ source.hlasmListing
>                      FAIL(NOMSG,NOMNOTE,MAXERRS(500))                                                                              
#^^^^^^^^^^^^^^^^^^^^^^^^^^^^^^^^^^^^^^^^^^^^^^^^^^^^^^^^^^^^^^^^^^^^^^^^^^^^^^^^^^^^^^^^^^^^^^^^^^^^^^^^^^^^^^^^^^^^^^^^^^^^^^^^^^^^^ source.hlasmListing
>                      FLAG(0,ALIGN,CONT,EXLITW,NOIMPLEN,NOLONGER,NOPAGE0,PUSH,RECORD,RENT,NOSIGNED,NOSUBSTR,NOTRUNC,USING0)         
#^^^^^^^^^^^^^^^^^^^^^^^^^^^^^^^^^^^^^^^^^^^^^^^^^^^^^^^^^^^^^^^^^^^^^^^^^^^^^^^^^^^^^^^^^^^^^^^^^^^^^^^^^^^^^^^^^^^^^^^^^^^^^^^^^^^^^ source.hlasmListing
>                    NOFOLD                                                                                                          
#^^^^^^^^^^^^^^^^^^^^^^^^^^^^^^^^^^^^^^^^^^^^^^^^^^^^^^^^^^^^^^^^^^^^^^^^^^^^^^^^^^^^^^^^^^^^^^^^^^^^^^^^^^^^^^^^^^^^^^^^^^^^^^^^^^^^^ source.hlasmListing
>                    NOGOFF                                                                                                          
#^^^^^^^^^^^^^^^^^^^^^^^^^^^^^^^^^^^^^^^^^^^^^^^^^^^^^^^^^^^^^^^^^^^^^^^^^^^^^^^^^^^^^^^^^^^^^^^^^^^^^^^^^^^^^^^^^^^^^^^^^^^^^^^^^^^^^ source.hlasmListing
>                      ILMA                                                                                                          
#^^^^^^^^^^^^^^^^^^^^^^^^^^^^^^^^^^^^^^^^^^^^^^^^^^^^^^^^^^^^^^^^^^^^^^^^^^^^^^^^^^^^^^^^^^^^^^^^^^^^^^^^^^^^^^^^^^^^^^^^^^^^^^^^^^^^^ source.hlasmListing
>                    NOINFO                                                                                                          
#^^^^^^^^^^^^^^^^^^^^^^^^^^^^^^^^^^^^^^^^^^^^^^^^^^^^^^^^^^^^^^^^^^^^^^^^^^^^^^^^^^^^^^^^^^^^^^^^^^^^^^^^^^^^^^^^^^^^^^^^^^^^^^^^^^^^^ source.hlasmListing
>                      LANGUAGE(EN)                                                                                                  
#^^^^^^^^^^^^^^^^^^^^^^^^^^^^^^^^^^^^^^^^^^^^^^^^^^^^^^^^^^^^^^^^^^^^^^^^^^^^^^^^^^^^^^^^^^^^^^^^^^^^^^^^^^^^^^^^^^^^^^^^^^^^^^^^^^^^^ source.hlasmListing
>                    NOLIBMAC                                                                                                        
#^^^^^^^^^^^^^^^^^^^^^^^^^^^^^^^^^^^^^^^^^^^^^^^^^^^^^^^^^^^^^^^^^^^^^^^^^^^^^^^^^^^^^^^^^^^^^^^^^^^^^^^^^^^^^^^^^^^^^^^^^^^^^^^^^^^^^ source.hlasmListing
>                      LINECOUNT(60)                                                                                                 
#^^^^^^^^^^^^^^^^^^^^^^^^^^^^^^^^^^^^^^^^^^^^^^^^^^^^^^^^^^^^^^^^^^^^^^^^^^^^^^^^^^^^^^^^^^^^^^^^^^^^^^^^^^^^^^^^^^^^^^^^^^^^^^^^^^^^^ source.hlasmListing
>3 PARM/OPTION         LIST(133)                                                                                                     
#^^^^^^^^^^^^^^^^^^^^^^^^^^^^^^^^^^^^^^^^^^^^^^^^^^^^^^^^^^^^^^^^^^^^^^^^^^^^^^^^^^^^^^^^^^^^^^^^^^^^^^^^^^^^^^^^^^^^^^^^^^^^^^^^^^^^^ source.hlasmListing
>                      MACHINE(,NOLIST)                                                                                              
#^^^^^^^^^^^^^^^^^^^^^^^^^^^^^^^^^^^^^^^^^^^^^^^^^^^^^^^^^^^^^^^^^^^^^^^^^^^^^^^^^^^^^^^^^^^^^^^^^^^^^^^^^^^^^^^^^^^^^^^^^^^^^^^^^^^^^ source.hlasmListing
>                      MXREF(SOURCE)                                                                                                 
#^^^^^^^^^^^^^^^^^^^^^^^^^^^^^^^^^^^^^^^^^^^^^^^^^^^^^^^^^^^^^^^^^^^^^^^^^^^^^^^^^^^^^^^^^^^^^^^^^^^^^^^^^^^^^^^^^^^^^^^^^^^^^^^^^^^^^ source.hlasmListing
>                      OBJECT                                                                                                        
#^^^^^^^^^^^^^^^^^^^^^^^^^^^^^^^^^^^^^^^^^^^^^^^^^^^^^^^^^^^^^^^^^^^^^^^^^^^^^^^^^^^^^^^^^^^^^^^^^^^^^^^^^^^^^^^^^^^^^^^^^^^^^^^^^^^^^ source.hlasmListing
>                      OPTABLE(UNI,NOLIST)                                                                                           
#^^^^^^^^^^^^^^^^^^^^^^^^^^^^^^^^^^^^^^^^^^^^^^^^^^^^^^^^^^^^^^^^^^^^^^^^^^^^^^^^^^^^^^^^^^^^^^^^^^^^^^^^^^^^^^^^^^^^^^^^^^^^^^^^^^^^^ source.hlasmListing
>                    NOPCONTROL                                                                                                      
#^^^^^^^^^^^^^^^^^^^^^^^^^^^^^^^^^^^^^^^^^^^^^^^^^^^^^^^^^^^^^^^^^^^^^^^^^^^^^^^^^^^^^^^^^^^^^^^^^^^^^^^^^^^^^^^^^^^^^^^^^^^^^^^^^^^^^ source.hlasmListing
>                    NOPESTOP                                                                                                        
#^^^^^^^^^^^^^^^^^^^^^^^^^^^^^^^^^^^^^^^^^^^^^^^^^^^^^^^^^^^^^^^^^^^^^^^^^^^^^^^^^^^^^^^^^^^^^^^^^^^^^^^^^^^^^^^^^^^^^^^^^^^^^^^^^^^^^ source.hlasmListing
>                    NOPROFILE                                                                                                       
#^^^^^^^^^^^^^^^^^^^^^^^^^^^^^^^^^^^^^^^^^^^^^^^^^^^^^^^^^^^^^^^^^^^^^^^^^^^^^^^^^^^^^^^^^^^^^^^^^^^^^^^^^^^^^^^^^^^^^^^^^^^^^^^^^^^^^ source.hlasmListing
>                    NORA2                                                                                                           
#^^^^^^^^^^^^^^^^^^^^^^^^^^^^^^^^^^^^^^^^^^^^^^^^^^^^^^^^^^^^^^^^^^^^^^^^^^^^^^^^^^^^^^^^^^^^^^^^^^^^^^^^^^^^^^^^^^^^^^^^^^^^^^^^^^^^^ source.hlasmListing
>                    NORENT                                                                                                          
#^^^^^^^^^^^^^^^^^^^^^^^^^^^^^^^^^^^^^^^^^^^^^^^^^^^^^^^^^^^^^^^^^^^^^^^^^^^^^^^^^^^^^^^^^^^^^^^^^^^^^^^^^^^^^^^^^^^^^^^^^^^^^^^^^^^^^ source.hlasmListing
>                      RLD                                                                                                           
#^^^^^^^^^^^^^^^^^^^^^^^^^^^^^^^^^^^^^^^^^^^^^^^^^^^^^^^^^^^^^^^^^^^^^^^^^^^^^^^^^^^^^^^^^^^^^^^^^^^^^^^^^^^^^^^^^^^^^^^^^^^^^^^^^^^^^ source.hlasmListing
>                      RXREF                                                                                                         
#^^^^^^^^^^^^^^^^^^^^^^^^^^^^^^^^^^^^^^^^^^^^^^^^^^^^^^^^^^^^^^^^^^^^^^^^^^^^^^^^^^^^^^^^^^^^^^^^^^^^^^^^^^^^^^^^^^^^^^^^^^^^^^^^^^^^^ source.hlasmListing
>                      SECTALGN(8)                                                                                                   
#^^^^^^^^^^^^^^^^^^^^^^^^^^^^^^^^^^^^^^^^^^^^^^^^^^^^^^^^^^^^^^^^^^^^^^^^^^^^^^^^^^^^^^^^^^^^^^^^^^^^^^^^^^^^^^^^^^^^^^^^^^^^^^^^^^^^^ source.hlasmListing
>                      SIZE(MAX)                                                                                                     
#^^^^^^^^^^^^^^^^^^^^^^^^^^^^^^^^^^^^^^^^^^^^^^^^^^^^^^^^^^^^^^^^^^^^^^^^^^^^^^^^^^^^^^^^^^^^^^^^^^^^^^^^^^^^^^^^^^^^^^^^^^^^^^^^^^^^^ source.hlasmListing
>                    NOSUPRWARN                                                                                                      
#^^^^^^^^^^^^^^^^^^^^^^^^^^^^^^^^^^^^^^^^^^^^^^^^^^^^^^^^^^^^^^^^^^^^^^^^^^^^^^^^^^^^^^^^^^^^^^^^^^^^^^^^^^^^^^^^^^^^^^^^^^^^^^^^^^^^^ source.hlasmListing
>                      SYSPARM()                                                                                                     
#^^^^^^^^^^^^^^^^^^^^^^^^^^^^^^^^^^^^^^^^^^^^^^^^^^^^^^^^^^^^^^^^^^^^^^^^^^^^^^^^^^^^^^^^^^^^^^^^^^^^^^^^^^^^^^^^^^^^^^^^^^^^^^^^^^^^^ source.hlasmListing
>3 PARM/OPTION         TERM(WIDE)                                                                                                    
#^^^^^^^^^^^^^^^^^^^^^^^^^^^^^^^^^^^^^^^^^^^^^^^^^^^^^^^^^^^^^^^^^^^^^^^^^^^^^^^^^^^^^^^^^^^^^^^^^^^^^^^^^^^^^^^^^^^^^^^^^^^^^^^^^^^^^ source.hlasmListing
>                    NOTEST                                                                                                          
#^^^^^^^^^^^^^^^^^^^^^^^^^^^^^^^^^^^^^^^^^^^^^^^^^^^^^^^^^^^^^^^^^^^^^^^^^^^^^^^^^^^^^^^^^^^^^^^^^^^^^^^^^^^^^^^^^^^^^^^^^^^^^^^^^^^^^ source.hlasmListing
>                      THREAD                                                                                                        
#^^^^^^^^^^^^^^^^^^^^^^^^^^^^^^^^^^^^^^^^^^^^^^^^^^^^^^^^^^^^^^^^^^^^^^^^^^^^^^^^^^^^^^^^^^^^^^^^^^^^^^^^^^^^^^^^^^^^^^^^^^^^^^^^^^^^^ source.hlasmListing
>                    NOTRANSLATE                                                                                                     
#^^^^^^^^^^^^^^^^^^^^^^^^^^^^^^^^^^^^^^^^^^^^^^^^^^^^^^^^^^^^^^^^^^^^^^^^^^^^^^^^^^^^^^^^^^^^^^^^^^^^^^^^^^^^^^^^^^^^^^^^^^^^^^^^^^^^^ source.hlasmListing
>                      TYPECHECK(MAGNITUDE,REGISTER,SIGNED)                                                                          
#^^^^^^^^^^^^^^^^^^^^^^^^^^^^^^^^^^^^^^^^^^^^^^^^^^^^^^^^^^^^^^^^^^^^^^^^^^^^^^^^^^^^^^^^^^^^^^^^^^^^^^^^^^^^^^^^^^^^^^^^^^^^^^^^^^^^^ source.hlasmListing
>                      UNICODE(01200)                                                                                                
#^^^^^^^^^^^^^^^^^^^^^^^^^^^^^^^^^^^^^^^^^^^^^^^^^^^^^^^^^^^^^^^^^^^^^^^^^^^^^^^^^^^^^^^^^^^^^^^^^^^^^^^^^^^^^^^^^^^^^^^^^^^^^^^^^^^^^ source.hlasmListing
>                      USING(NOLIMIT,MAP,WARN(15))                                                                                   
#^^^^^^^^^^^^^^^^^^^^^^^^^^^^^^^^^^^^^^^^^^^^^^^^^^^^^^^^^^^^^^^^^^^^^^^^^^^^^^^^^^^^^^^^^^^^^^^^^^^^^^^^^^^^^^^^^^^^^^^^^^^^^^^^^^^^^ source.hlasmListing
>                                                                                                                                    
>                                         High Level Assembler Option Summary                   (PTF AB12345)   Page    2            
#^^^^^^^^^^^^^^^^^^^^^^^^^^^^^^^^^^^^^^^^^^^^^^^^^^^^^^^^^^^^^^^^^^^^^^^^^^^^^^^^^^^^^^^^^^^^^^^^^^^^^^^^^^^^^^^^^^^^^^^^^^^^^^^^^^^^^ source.hlasmListing
>                                                                                            HLASM R1.0  2000/01/01 00.00            
#^^^^^^^^^^^^^^^^^^^^^^^^^^^^^^^^^^^^^^^^^^^^^^^^^^^^^^^^^^^^^^^^^^^^^^^^^^^^^^^^^^^^^^^^^^^^^^^^^^^^^^^^^^^^^^^^^^^^^^^^^^^^^^^^^^^^^ source.hlasmListing
>                    NOWORKFILE                                                                                                      
#^^^^^^^^^^^^^^^^^^^^^^^^^^^^^^^^^^^^^^^^^^^^^^^^^^^^^^^^^^^^^^^^^^^^^^^^^^^^^^^^^^^^^^^^^^^^^^^^^^^^^^^^^^^^^^^^^^^^^^^^^^^^^^^^^^^^^ source.hlasmListing
>                      XREF(SHORT,UNREFS)                                                                                            
#^^^^^^^^^^^^^^^^^^^^^^^^^^^^^^^^^^^^^^^^^^^^^^^^^^^^^^^^^^^^^^^^^^^^^^^^^^^^^^^^^^^^^^^^^^^^^^^^^^^^^^^^^^^^^^^^^^^^^^^^^^^^^^^^^^^^^ source.hlasmListing
>                                                                                                                                    
>  No Overriding DD Names                                                                                                            
#^^^^^^^^^^^^^^^^^^^^^^^^^^^^^^^^^^^^^^^^^^^^^^^^^^^^^^^^^^^^^^^^^^^^^^^^^^^^^^^^^^^^^^^^^^^^^^^^^^^^^^^^^^^^^^^^^^^^^^^^^^^^^^^^^^^^^ source.hlasmListing
>                                                                                                                                    
>                                              External Symbol Dictionary                                       Page    3            
#^^^^^^^^^^^^^^^^^^^^^^^^^^^^^^^^^^^^^^^^^^^^^^^^^^^^^^^^^^^^^^^^^^^^^^^^^^^^^^^^^^^^^^^^^^^^^^^^^^^^^^^^^^^^^^^^^^^^^^^^^^^^^^^^^^^^^ source.hlasmListing
>Symbol   Type   Id     Address  Length   Owner Id Flags Alias-of                            HLASM R1.0  2000/01/01 00.00            
#^^^^^^^^^^^^^^^^^^^^^^^^^^^^^^^^^^^^^^^^^^^^^^^^^^^^^^^^^^^^^^^^^^^^^^^^^^^^^^^^^^^^^^^^^^^^^^^^^^^^^^^^^^^^^^^^^^^^^^^^^^^^^^^^^^^^^ source.hlasmListing
>          PC 00000001 00000000 0000003C             00                                                                              
#^^^^^^^^^^^^^^^^^^^^^^^^^^^^^^^^^^^^^^^^^^^^^^^^^^^^^^^^^^^^^^^^^^^^^^^^^^^^^^^^^^^^^^^^^^^^^^^^^^^^^^^^^^^^^^^^^^^^^^^^^^^^^^^^^^^^^ source.hlasmListing
>                                                                                                                                    
>                                                                                                               Page    4            
#^^^^^^^^^^^^^^^^^^^^^^^^^^^^^^^^^^^^^^^^^^^^^^^^^^^^^^^^^^^^^^^^^^^^^^^^^^^^^^^^^^^^^^^^^^^^^^^^^^^^^^^^^^^^^^^^^^^^^^^^^^^^^^^^^^^^^ source.hlasmListing
>  Active Usings: None                                                                                                               
#^^^^^^^^^^^^^^^^^^^^^^^^^^^^^^^^^^^^^^^^^^^^^^^^^^^^^^^^^^^^^^^^^^^^^^^^^^^^^^^^^^^^^^^^^^^^^^^^^^^^^^^^^^^^^^^^^^^^^^^^^^^^^^^^^^^^^ source.hlasmListing
>  Loc    Object Code      Addr1    Addr2    Stmt  Source Statement                          HLASM R1.0  2000/01/01 00.00            
#^^^^^^^^^^^^^^^^^^^^^^^^^^^^^^^^^^^^^^^^^^^^^^^^^^^^^^^^^^^^^^^^^^^^^^^^^^^^^^^^^^^^^^^^^^^^^^^^^^^^^^^^^^^^^^^^^^^^^^^^^^^^^^^^^^^^ source.hlasmListing
>00000000                00000000 0000003C      1          CSECT                                                                     
#^^^^^^^^^^^^^^^^^^^^^^^^^^^^^^^^^^^^^^^^^^^^^^^^^ source.hlasmListing
#                                                 ^^^^^^^^^^^^^^ source.hlasmListing entity.name.function.hlasm
#                                                               ^^^^^^^^^^^^^^^^^^^^^^^^^^^^^^^^^^^^^^^^^^^^^^^^^^^^^^^^^^^^^^^^^^^^^ source.hlasmListing invalid.ignored
>                                               3          MACRO                                                                     
#^^^^^^^^^^^^^^^^^^^^^^^^^^^^^^^^^^^^^^^^^^^^^^^^^ source.hlasmListing
#                                                 ^^^^^^^^^^^^^^ source.hlasmListing entity.name.function.hlasm
#                                                               ^^^^^^^^^^^^^^^^^^^^^^^^^^^^^^^^^^^^^^^^^^^^^^^^^^^^^^^^^^^^^^^^^^^^^ source.hlasmListing invalid.ignored
>                                               4          MAC   &A,&LBLNAME                                                         
#^^^^^^^^^^^^^^^^^^^^^^^^^^^^^^^^^^^^^^^^^^^^^^^^^ source.hlasmListing
#                                                 ^^^^^^^^^^^^ source.hlasmListing entity.name.function.hlasm
#                                                             ^^^ source.hlasmListing
#                                                                ^^ source.hlasmListing punctuation.definition.tag.hlasm variable.other.readwrite.hlasm
#                                                                  ^ source.hlasmListing
#                                                                   ^^^^^^^^ source.hlasmListing punctuation.definition.tag.hlasm variable.other.readwrite.hlasm
#                                                                           ^^^^^^^^^^^^^^^^^^^^^^^^^^^^^^^^^^^^^^^^^^^^^^^^^^^^^^^^^ source.hlasmListing invalid.ignored
>                                               5          PR                                                                        
#^^^^^^^^^^^^^^^^^^^^^^^^^^^^^^^^^^^^^^^^^^^^^^^^^ source.hlasmListing
#                                                 ^^^^^^^^^^^ source.hlasmListing entity.name.function.hlasm
#                                                            ^^^^^^^^^^^^^^^^^^^^^^^^^^^^^^^^^^^^^^^^^^^^^^^^^^^^^^^^^^^^^^^^^^^^^^^^ source.hlasmListing invalid.ignored
>                                               6 &LBLNAME LA 0,&A                                                                   
#^^^^^^^^^^^^^^^^^^^^^^^^^^^^^^^^^^^^^^^^^^^^^^^^^ source.hlasmListing
#                                                 ^^^^^^^^ source.hlasmListing variable.other.readwrite.hlasm
#                                                         ^^^ source.hlasmListing entity.name.function.hlasm
#                                                            ^ source.hlasmListing
#                                                             ^ source.hlasmListing punctuation.definition.tag.hlasm constant.numeric.hlasm
#                                                              ^ source.hlasmListing
#                                                               ^^ source.hlasmListing punctuation.definition.tag.hlasm variable.other.readwrite.hlasm
#                                                                 ^^^^^^^^^^^^^^^^^^^^^^^^^^^^^^^^^^^^^^^^^^^^^^^^^^^^^^^^^^^^^^^^^^^ source.hlasmListing invalid.ignored
>                                               7          BPRP  0,&LBLNAME,&LBLNAME                                                 
#^^^^^^^^^^^^^^^^^^^^^^^^^^^^^^^^^^^^^^^^^^^^^^^^^ source.hlasmListing
#                                                 ^^^^^^^^^^^^^ source.hlasmListing entity.name.function.hlasm
#                                                              ^^ source.hlasmListing
#                                                                ^ source.hlasmListing punctuation.definition.tag.hlasm constant.numeric.hlasm
#                                                                 ^ source.hlasmListing
#                                                                  ^^^^^^^^ source.hlasmListing punctuation.definition.tag.hlasm variable.other.readwrite.hlasm
#                                                                          ^ source.hlasmListing
#                                                                           ^^^^^^^^ source.hlasmListing punctuation.definition.tag.hlasm variable.other.readwrite.hlasm
#                                                                                   ^^^^^^^^^^^^^^^^^^^^^^^^^^^^^^^^^^^^^^^^^^^^^^^^^ source.hlasmListing invalid.ignored
>                                               8          MEND                                                                      
#^^^^^^^^^^^^^^^^^^^^^^^^^^^^^^^^^^^^^^^^^^^^^^^^^ source.hlasmListing
#                                                 ^^^^^^^^^^^^^ source.hlasmListing entity.name.function.hlasm
#                                                              ^^^^^^^^^^^^^^^^^^^^^^^^^^^^^^^^^^^^^^^^^^^^^^^^^^^^^^^^^^^^^^^^^^^^^^ source.hlasmListing invalid.ignored
>                                              10          MAC 1,LBL1                                                                
#^^^^^^^^^^^^^^^^^^^^^^^^^^^^^^^^^^^^^^^^^^^^^^^^^ source.hlasmListing
#                                                 ^^^^^^^^^^^^ source.hlasmListing entity.name.function.hlasm
#                                                             ^ source.hlasmListing
#                                                              ^ source.hlasmListing punctuation.definition.tag.hlasm constant.numeric.hlasm
#                                                               ^ source.hlasmListing
#                                                                ^^^^ source.hlasmListing punctuation.definition.tag.hlasm
#                                                                    ^^^^^^^^^^^^^^^^^^^^^^^^^^^^^^^^^^^^^^^^^^^^^^^^^^^^^^^^^^^^^^^^ source.hlasmListing invalid.ignored
>00000000 0101                                 11+         PR                                                             01-00000005
#^^^^^^^^^ source.hlasmListing
#         ^^ source.hlasmListing entity.name.function.hlasm
#           ^^ source.hlasmListing constant.numeric.hlasm
#             ^ source.hlasmListing
#              ^^^^^^^^^^^^^^^^^^^^^^^^^^^^^^^^^^^ source.hlasmListing
#                                                 ^^^^^^^^^^^ source.hlasmListing entity.name.function.hlasm
#                                                            ^^^^^^^^^^^^^^^^^^^^^^^^^^^^^^^^^^^^^^^^^^^^^^^^^^^^^^^^^^^^^^^^^^^^^^^^ source.hlasmListing invalid.ignored
>00000002 4100 0001               00000001     12+LBL1     LA 0,1                                                         01-00000006
#^^^^^^^^^ source.hlasmListing
#         ^^ source.hlasmListing entity.name.function.hlasm
#           ^^^^^^^ source.hlasmListing constant.numeric.hlasm
#                  ^ source.hlasmListing
#                   ^^^^^^^^^^^^^^^^^^^^^^^^^^^^^^ source.hlasmListing
#                                                 ^^^^ source.hlasmListing support.class.hlasm
#                                                     ^^^^^^^ source.hlasmListing entity.name.function.hlasm
#                                                            ^ source.hlasmListing
#                                                             ^ source.hlasmListing punctuation.definition.tag.hlasm constant.numeric.hlasm
#                                                              ^ source.hlasmListing
#                                                               ^ source.hlasmListing punctuation.definition.tag.hlasm constant.numeric.hlasm
#                                                                ^^^^^^^^^^^^^^^^^^^^^^^^^^^^^^^^^^^^^^^^^^^^^^^^^^^^^^^^^^^^^^^^^^^^ source.hlasmListing invalid.ignored
>00000006 C50F FEFF FFFE 00000002 00000002     13+         BPRP  0,LBL1,LBL1                                              01-00000007
#^^^^^^^^^ source.hlasmListing
#         ^^ source.hlasmListing entity.name.function.hlasm
#           ^^^^^^^^^^^^ source.hlasmListing constant.numeric.hlasm
#                       ^ source.hlasmListing
#                        ^^^^^^^^^^^^^^^^^^^^^^^^^ source.hlasmListing
#                                                 ^^^^^^^^^^^^^ source.hlasmListing entity.name.function.hlasm
#                                                              ^^ source.hlasmListing
#                                                                ^ source.hlasmListing punctuation.definition.tag.hlasm constant.numeric.hlasm
#                                                                 ^ source.hlasmListing
#                                                                  ^^^^ source.hlasmListing punctuation.definition.tag.hlasm
#                                                                      ^ source.hlasmListing
#                                                                       ^^^^ source.hlasmListing punctuation.definition.tag.hlasm
#                                                                           ^^^^^^^^^^^^^^^^^^^^^^^^^^^^^^^^^^^^^^^^^^^^^^^^^^^^^^^^^ source.hlasmListing invalid.ignored
>                                              14          MAC 2,LBL2                                                                
#^^^^^^^^^^^^^^^^^^^^^^^^^^^^^^^^^^^^^^^^^^^^^^^^^ source.hlasmListing
#                                                 ^^^^^^^^^^^^ source.hlasmListing entity.name.function.hlasm
#                                                             ^ source.hlasmListing
#                                                              ^ source.hlasmListing punctuation.definition.tag.hlasm constant.numeric.hlasm
#                                                               ^ source.hlasmListing
#                                                                ^^^^ source.hlasmListing punctuation.definition.tag.hlasm
#                                                                    ^^^^^^^^^^^^^^^^^^^^^^^^^^^^^^^^^^^^^^^^^^^^^^^^^^^^^^^^^^^^^^^^ source.hlasmListing invalid.ignored
>0000000C 0101                                 15+         PR                                                             01-00000005
#^^^^^^^^^ source.hlasmListing
#         ^^ source.hlasmListing entity.name.function.hlasm
#           ^^ source.hlasmListing constant.numeric.hlasm
#             ^ source.hlasmListing
#              ^^^^^^^^^^^^^^^^^^^^^^^^^^^^^^^^^^^ source.hlasmListing
#                                                 ^^^^^^^^^^^ source.hlasmListing entity.name.function.hlasm
#                                                            ^^^^^^^^^^^^^^^^^^^^^^^^^^^^^^^^^^^^^^^^^^^^^^^^^^^^^^^^^^^^^^^^^^^^^^^^ source.hlasmListing invalid.ignored
>0000000E 4100 0002               00000002     16+LBL2     LA 0,2                                                         01-00000006
#^^^^^^^^^ source.hlasmListing
#         ^^ source.hlasmListing entity.name.function.hlasm
#           ^^^^^^^ source.hlasmListing constant.numeric.hlasm
#                  ^ source.hlasmListing
#                   ^^^^^^^^^^^^^^^^^^^^^^^^^^^^^^ source.hlasmListing
#                                                 ^^^^ source.hlasmListing support.class.hlasm
#                                                     ^^^^^^^ source.hlasmListing entity.name.function.hlasm
#                                                            ^ source.hlasmListing
#                                                             ^ source.hlasmListing punctuation.definition.tag.hlasm constant.numeric.hlasm
#                                                              ^ source.hlasmListing
#                                                               ^ source.hlasmListing punctuation.definition.tag.hlasm constant.numeric.hlasm
#                                                                ^^^^^^^^^^^^^^^^^^^^^^^^^^^^^^^^^^^^^^^^^^^^^^^^^^^^^^^^^^^^^^^^^^^^ source.hlasmListing invalid.ignored
>00000012 C50F FEFF FFFE 0000000E 0000000E     17+         BPRP  0,LBL2,LBL2                                              01-00000007
#^^^^^^^^^ source.hlasmListing
#         ^^ source.hlasmListing entity.name.function.hlasm
#           ^^^^^^^^^^^^ source.hlasmListing constant.numeric.hlasm
#                       ^ source.hlasmListing
#                        ^^^^^^^^^^^^^^^^^^^^^^^^^ source.hlasmListing
#                                                 ^^^^^^^^^^^^^ source.hlasmListing entity.name.function.hlasm
#                                                              ^^ source.hlasmListing
#                                                                ^ source.hlasmListing punctuation.definition.tag.hlasm constant.numeric.hlasm
#                                                                 ^ source.hlasmListing
#                                                                  ^^^^ source.hlasmListing punctuation.definition.tag.hlasm
#                                                                      ^ source.hlasmListing
#                                                                       ^^^^ source.hlasmListing punctuation.definition.tag.hlasm
#                                                                           ^^^^^^^^^^^^^^^^^^^^^^^^^^^^^^^^^^^^^^^^^^^^^^^^^^^^^^^^^ source.hlasmListing invalid.ignored
>                                              18          MAC 3,LBL3                                                                
#^^^^^^^^^^^^^^^^^^^^^^^^^^^^^^^^^^^^^^^^^^^^^^^^^ source.hlasmListing
#                                                 ^^^^^^^^^^^^ source.hlasmListing entity.name.function.hlasm
#                                                             ^ source.hlasmListing
#                                                              ^ source.hlasmListing punctuation.definition.tag.hlasm constant.numeric.hlasm
#                                                               ^ source.hlasmListing
#                                                                ^^^^ source.hlasmListing punctuation.definition.tag.hlasm
#                                                                    ^^^^^^^^^^^^^^^^^^^^^^^^^^^^^^^^^^^^^^^^^^^^^^^^^^^^^^^^^^^^^^^^ source.hlasmListing invalid.ignored
>00000018 0101                                 19+         PR                                                             01-00000005
#^^^^^^^^^ source.hlasmListing
#         ^^ source.hlasmListing entity.name.function.hlasm
#           ^^ source.hlasmListing constant.numeric.hlasm
#             ^ source.hlasmListing
#              ^^^^^^^^^^^^^^^^^^^^^^^^^^^^^^^^^^^ source.hlasmListing
#                                                 ^^^^^^^^^^^ source.hlasmListing entity.name.function.hlasm
#                                                            ^^^^^^^^^^^^^^^^^^^^^^^^^^^^^^^^^^^^^^^^^^^^^^^^^^^^^^^^^^^^^^^^^^^^^^^^ source.hlasmListing invalid.ignored
>0000001A 4100 0003               00000003     20+LBL3     LA 0,3                                                         01-00000006
#^^^^^^^^^ source.hlasmListing
#         ^^ source.hlasmListing entity.name.function.hlasm
#           ^^^^^^^ source.hlasmListing constant.numeric.hlasm
#                  ^ source.hlasmListing
#                   ^^^^^^^^^^^^^^^^^^^^^^^^^^^^^^ source.hlasmListing
#                                                 ^^^^ source.hlasmListing support.class.hlasm
#                                                     ^^^^^^^ source.hlasmListing entity.name.function.hlasm
#                                                            ^ source.hlasmListing
#                                                             ^ source.hlasmListing punctuation.definition.tag.hlasm constant.numeric.hlasm
#                                                              ^ source.hlasmListing
#                                                               ^ source.hlasmListing punctuation.definition.tag.hlasm constant.numeric.hlasm
#                                                                ^^^^^^^^^^^^^^^^^^^^^^^^^^^^^^^^^^^^^^^^^^^^^^^^^^^^^^^^^^^^^^^^^^^^ source.hlasmListing invalid.ignored
>0000001E C50F FEFF FFFE 0000001A 0000001A     21+         BPRP  0,LBL3,LBL3                                              01-00000007
#^^^^^^^^^ source.hlasmListing
#         ^^ source.hlasmListing entity.name.function.hlasm
#           ^^^^^^^^^^^^ source.hlasmListing constant.numeric.hlasm
#                       ^ source.hlasmListing
#                        ^^^^^^^^^^^^^^^^^^^^^^^^^ source.hlasmListing
#                                                 ^^^^^^^^^^^^^ source.hlasmListing entity.name.function.hlasm
#                                                              ^^ source.hlasmListing
#                                                                ^ source.hlasmListing punctuation.definition.tag.hlasm constant.numeric.hlasm
#                                                                 ^ source.hlasmListing
#                                                                  ^^^^ source.hlasmListing punctuation.definition.tag.hlasm
#                                                                      ^ source.hlasmListing
#                                                                       ^^^^ source.hlasmListing punctuation.definition.tag.hlasm
#                                                                           ^^^^^^^^^^^^^^^^^^^^^^^^^^^^^^^^^^^^^^^^^^^^^^^^^^^^^^^^^ source.hlasmListing invalid.ignored
>                                              22          MAC 4,LBL4                                                                
#^^^^^^^^^^^^^^^^^^^^^^^^^^^^^^^^^^^^^^^^^^^^^^^^^ source.hlasmListing
#                                                 ^^^^^^^^^^^^ source.hlasmListing entity.name.function.hlasm
#                                                             ^ source.hlasmListing
#                                                              ^ source.hlasmListing punctuation.definition.tag.hlasm constant.numeric.hlasm
#                                                               ^ source.hlasmListing
#                                                                ^^^^ source.hlasmListing punctuation.definition.tag.hlasm
#                                                                    ^^^^^^^^^^^^^^^^^^^^^^^^^^^^^^^^^^^^^^^^^^^^^^^^^^^^^^^^^^^^^^^^ source.hlasmListing invalid.ignored
>00000024 0101                                 23+         PR                                                             01-00000005
#^^^^^^^^^ source.hlasmListing
#         ^^ source.hlasmListing entity.name.function.hlasm
#           ^^ source.hlasmListing constant.numeric.hlasm
#             ^ source.hlasmListing
#              ^^^^^^^^^^^^^^^^^^^^^^^^^^^^^^^^^^^ source.hlasmListing
#                                                 ^^^^^^^^^^^ source.hlasmListing entity.name.function.hlasm
#                                                            ^^^^^^^^^^^^^^^^^^^^^^^^^^^^^^^^^^^^^^^^^^^^^^^^^^^^^^^^^^^^^^^^^^^^^^^^ source.hlasmListing invalid.ignored
>00000026 4100 0004               00000004     24+LBL4     LA 0,4                                                         01-00000006
#^^^^^^^^^ source.hlasmListing
#         ^^ source.hlasmListing entity.name.function.hlasm
#           ^^^^^^^ source.hlasmListing constant.numeric.hlasm
#                  ^ source.hlasmListing
#                   ^^^^^^^^^^^^^^^^^^^^^^^^^^^^^^ source.hlasmListing
#                                                 ^^^^ source.hlasmListing support.class.hlasm
#                                                     ^^^^^^^ source.hlasmListing entity.name.function.hlasm
#                                                            ^ source.hlasmListing
#                                                             ^ source.hlasmListing punctuation.definition.tag.hlasm constant.numeric.hlasm
#                                                              ^ source.hlasmListing
#                                                               ^ source.hlasmListing punctuation.definition.tag.hlasm constant.numeric.hlasm
#                                                                ^^^^^^^^^^^^^^^^^^^^^^^^^^^^^^^^^^^^^^^^^^^^^^^^^^^^^^^^^^^^^^^^^^^^ source.hlasmListing invalid.ignored
>0000002A C50F FEFF FFFE 00000026 00000026     25+         BPRP  0,LBL4,LBL4                                              01-00000007
#^^^^^^^^^ source.hlasmListing
#         ^^ source.hlasmListing entity.name.function.hlasm
#           ^^^^^^^^^^^^ source.hlasmListing constant.numeric.hlasm
#                       ^ source.hlasmListing
#                        ^^^^^^^^^^^^^^^^^^^^^^^^^ source.hlasmListing
#                                                 ^^^^^^^^^^^^^ source.hlasmListing entity.name.function.hlasm
#                                                              ^^ source.hlasmListing
#                                                                ^ source.hlasmListing punctuation.definition.tag.hlasm constant.numeric.hlasm
#                                                                 ^ source.hlasmListing
#                                                                  ^^^^ source.hlasmListing punctuation.definition.tag.hlasm
#                                                                      ^ source.hlasmListing
#                                                                       ^^^^ source.hlasmListing punctuation.definition.tag.hlasm
#                                                                           ^^^^^^^^^^^^^^^^^^^^^^^^^^^^^^^^^^^^^^^^^^^^^^^^^^^^^^^^^ source.hlasmListing invalid.ignored
>                                              26          MAC 5,LBL5                                                                
#^^^^^^^^^^^^^^^^^^^^^^^^^^^^^^^^^^^^^^^^^^^^^^^^^ source.hlasmListing
#                                                 ^^^^^^^^^^^^ source.hlasmListing entity.name.function.hlasm
#                                                             ^ source.hlasmListing
#                                                              ^ source.hlasmListing punctuation.definition.tag.hlasm constant.numeric.hlasm
#                                                               ^ source.hlasmListing
#                                                                ^^^^ source.hlasmListing punctuation.definition.tag.hlasm
#                                                                    ^^^^^^^^^^^^^^^^^^^^^^^^^^^^^^^^^^^^^^^^^^^^^^^^^^^^^^^^^^^^^^^^ source.hlasmListing invalid.ignored
>00000030 0101                                 27+         PR                                                             01-00000005
#^^^^^^^^^ source.hlasmListing
#         ^^ source.hlasmListing entity.name.function.hlasm
#           ^^ source.hlasmListing constant.numeric.hlasm
#             ^ source.hlasmListing
#              ^^^^^^^^^^^^^^^^^^^^^^^^^^^^^^^^^^^ source.hlasmListing
#                                                 ^^^^^^^^^^^ source.hlasmListing entity.name.function.hlasm
#                                                            ^^^^^^^^^^^^^^^^^^^^^^^^^^^^^^^^^^^^^^^^^^^^^^^^^^^^^^^^^^^^^^^^^^^^^^^^ source.hlasmListing invalid.ignored
>00000032 4100 0005               00000005     28+LBL5     LA 0,5                                                         01-00000006
#^^^^^^^^^ source.hlasmListing
#         ^^ source.hlasmListing entity.name.function.hlasm
#           ^^^^^^^ source.hlasmListing constant.numeric.hlasm
#                  ^ source.hlasmListing
#                   ^^^^^^^^^^^^^^^^^^^^^^^^^^^^^^ source.hlasmListing
#                                                 ^^^^ source.hlasmListing support.class.hlasm
#                                                     ^^^^^^^ source.hlasmListing entity.name.function.hlasm
#                                                            ^ source.hlasmListing
#                                                             ^ source.hlasmListing punctuation.definition.tag.hlasm constant.numeric.hlasm
#                                                              ^ source.hlasmListing
#                                                               ^ source.hlasmListing punctuation.definition.tag.hlasm constant.numeric.hlasm
#                                                                ^^^^^^^^^^^^^^^^^^^^^^^^^^^^^^^^^^^^^^^^^^^^^^^^^^^^^^^^^^^^^^^^^^^^ source.hlasmListing invalid.ignored
>00000036 C50F FEFF FFFE 00000032 00000032     29+         BPRP  0,LBL5,LBL5                                              01-00000007
#^^^^^^^^^ source.hlasmListing
#         ^^ source.hlasmListing entity.name.function.hlasm
#           ^^^^^^^^^^^^ source.hlasmListing constant.numeric.hlasm
#                       ^ source.hlasmListing
#                        ^^^^^^^^^^^^^^^^^^^^^^^^^ source.hlasmListing
#                                                 ^^^^^^^^^^^^^ source.hlasmListing entity.name.function.hlasm
#                                                              ^^ source.hlasmListing
#                                                                ^ source.hlasmListing punctuation.definition.tag.hlasm constant.numeric.hlasm
#                                                                 ^ source.hlasmListing
#                                                                  ^^^^ source.hlasmListing punctuation.definition.tag.hlasm
#                                                                      ^ source.hlasmListing
#                                                                       ^^^^ source.hlasmListing punctuation.definition.tag.hlasm
#                                                                           ^^^^^^^^^^^^^^^^^^^^^^^^^^^^^^^^^^^^^^^^^^^^^^^^^^^^^^^^^ source.hlasmListing invalid.ignored
>                                              31          END                                                                       
#^^^^^^^^^^^^^^^^^^^^^^^^^^^^^^^^^^^^^^^^^^^^^^^^^ source.hlasmListing
#                                                 ^^^^^^^^^^^^ source.hlasmListing entity.name.function.hlasm
#                                                             ^^^^^^^^^^^^^^^^^^^^^^^^^^^^^^^^^^^^^^^^^^^^^^^^^^^^^^^^^^^^^^^^^^^^^^^ source.hlasmListing invalid.ignored
>                                                                                                                                    
>                               Ordinary Symbol and Literal Cross Reference                                     Page    5            
#^^^^^^^^^^^^^^^^^^^^^^^^^^^^^^^^^^^^^^^^^^^^^^^^^^^^^^^^^^^^^^^^^^^^^^^^^^^^^^^^^^^^^^^^^^^^^^^^^^^^^^^^^^^^^^^^^^^^^^^^^^^^^^^^^^^^ source.hlasmListing
>Symbol   Length   Value     Id    R Type Asm  Program   Defn References                     HLASM R1.0  2000/01/01 00.00            
#^^^^^^^^^^^^^^^^^^^^^^^^^^^^^^^^^^^^^^^^^^^^^^^^^^^^^^^^^^^^^^^^^^^^^^^^^^^^^^^^^^^^^^^^^^^^^^^^^^^^^^^^^^^^^^^^^^^^^^^^^^^^^^^^^^^^^ source.hlasmListing
>LBL1          4 00000002 00000001     I                   12   13    13                                                             
#^^^^^^^^^^^^^^^^^^^^^^^^^^^^^^^^^^^^^^^^^^^^^^^^^^^^^^^^^^^^^^^^^^^^^^^^^^^^^^^^^^^^^^^^^^^^^^^^^^^^^^^^^^^^^^^^^^^^^^^^^^^^^^^^^^^^^ source.hlasmListing
>LBL2          4 0000000E 00000001     I                   16   17    17                                                             
#^^^^^^^^^^^^^^^^^^^^^^^^^^^^^^^^^^^^^^^^^^^^^^^^^^^^^^^^^^^^^^^^^^^^^^^^^^^^^^^^^^^^^^^^^^^^^^^^^^^^^^^^^^^^^^^^^^^^^^^^^^^^^^^^^^^^^ source.hlasmListing
>LBL3          4 0000001A 00000001     I                   20   21    21                                                             
#^^^^^^^^^^^^^^^^^^^^^^^^^^^^^^^^^^^^^^^^^^^^^^^^^^^^^^^^^^^^^^^^^^^^^^^^^^^^^^^^^^^^^^^^^^^^^^^^^^^^^^^^^^^^^^^^^^^^^^^^^^^^^^^^^^^^^ source.hlasmListing
>LBL4          4 00000026 00000001     I                   24   25    25                                                             
#^^^^^^^^^^^^^^^^^^^^^^^^^^^^^^^^^^^^^^^^^^^^^^^^^^^^^^^^^^^^^^^^^^^^^^^^^^^^^^^^^^^^^^^^^^^^^^^^^^^^^^^^^^^^^^^^^^^^^^^^^^^^^^^^^^^^^ source.hlasmListing
>LBL5          4 00000032 00000001     I                   28   29    29                                                             
#^^^^^^^^^^^^^^^^^^^^^^^^^^^^^^^^^^^^^^^^^^^^^^^^^^^^^^^^^^^^^^^^^^^^^^^^^^^^^^^^^^^^^^^^^^^^^^^^^^^^^^^^^^^^^^^^^^^^^^^^^^^^^^^^^^^^^ source.hlasmListing
>                                                                                                                                    
>                                          Macro and Copy Code Source Summary                                   Page    6            
#^^^^^^^^^^^^^^^^^^^^^^^^^^^^^^^^^^^^^^^^^^^^^^^^^^^^^^^^^^^^^^^^^^^^^^^^^^^^^^^^^^^^^^^^^^^^^^^^^^^^^^^^^^^^^^^^^^^^^^^^^^^^^^^^^^^^^ source.hlasmListing
> Con Source                                        Volume    Members                        HLASM R1.0  2000/01/01 00.00            
#^^^^^^^^^^^^^^^^^^^^^^^^^^^^^^^^^^^^^^^^^^^^^^^^^^^^^^^^^^^^^^^^^^^^^^^^^^^^^^^^^^^^^^^^^^^^^^^^^^^^^^^^^^^^^^^^^^^^^^^^^^^^^^^^^^^^^ source.hlasmListing
>     PRIMARY INPUT                                           MAC                                                                    
#^^^^^^^^^^^^^^^^^^^^^^^^^^^^^^^^^^^^^^^^^^^^^^^^^^^^^^^^^^^^^^^^^^^^^^^^^^^^^^^^^^^^^^^^^^^^^^^^^^^^^^^^^^^^^^^^^^^^^^^^^^^^^^^^^^^^^ source.hlasmListing
>                                                                                                                                    
>                                   General Purpose Register Cross Reference                                    Page    7            
#^^^^^^^^^^^^^^^^^^^^^^^^^^^^^^^^^^^^^^^^^^^^^^^^^^^^^^^^^^^^^^^^^^^^^^^^^^^^^^^^^^^^^^^^^^^^^^^^^^^^^^^^^^^^^^^^^^^^^^^^^^^^^^^^^^^^^ source.hlasmListing
> Register  References (M=modified, B=branch, U=USING, D=DROP, N=index)                      HLASM R1.0  2000/01/01 00.00            
#^^^^^^^^^^^^^^^^^^^^^^^^^^^^^^^^^^^^^^^^^^^^^^^^^^^^^^^^^^^^^^^^^^^^^^^^^^^^^^^^^^^^^^^^^^^^^^^^^^^^^^^^^^^^^^^^^^^^^^^^^^^^^^^^^^^^^ source.hlasmListing
>    0(0)      12M   16M   20M   24M   28M                                                                                           
#^^^^^^^^^^^^^^^^^^^^^^^^^^^^^^^^^^^^^^^^^^^^^^^^^^^^^^^^^^^^^^^^^^^^^^^^^^^^^^^^^^^^^^^^^^^^^^^^^^^^^^^^^^^^^^^^^^^^^^^^^^^^^^^^^^^^^ source.hlasmListing
>    1(1)    (no references identified)                                                                                              
#^^^^^^^^^^^^^^^^^^^^^^^^^^^^^^^^^^^^^^^^^^^^^^^^^^^^^^^^^^^^^^^^^^^^^^^^^^^^^^^^^^^^^^^^^^^^^^^^^^^^^^^^^^^^^^^^^^^^^^^^^^^^^^^^^^^^^ source.hlasmListing
>    2(2)      11M   15M   19M   23M   27M                                                                                           
#^^^^^^^^^^^^^^^^^^^^^^^^^^^^^^^^^^^^^^^^^^^^^^^^^^^^^^^^^^^^^^^^^^^^^^^^^^^^^^^^^^^^^^^^^^^^^^^^^^^^^^^^^^^^^^^^^^^^^^^^^^^^^^^^^^^^^ source.hlasmListing
>    3(3)      11M   15M   19M   23M   27M                                                                                           
#^^^^^^^^^^^^^^^^^^^^^^^^^^^^^^^^^^^^^^^^^^^^^^^^^^^^^^^^^^^^^^^^^^^^^^^^^^^^^^^^^^^^^^^^^^^^^^^^^^^^^^^^^^^^^^^^^^^^^^^^^^^^^^^^^^^^^ source.hlasmListing
>    4(4)      11M   15M   19M   23M   27M                                                                                           
#^^^^^^^^^^^^^^^^^^^^^^^^^^^^^^^^^^^^^^^^^^^^^^^^^^^^^^^^^^^^^^^^^^^^^^^^^^^^^^^^^^^^^^^^^^^^^^^^^^^^^^^^^^^^^^^^^^^^^^^^^^^^^^^^^^^^^ source.hlasmListing
>    5(5)      11M   15M   19M   23M   27M                                                                                           
#^^^^^^^^^^^^^^^^^^^^^^^^^^^^^^^^^^^^^^^^^^^^^^^^^^^^^^^^^^^^^^^^^^^^^^^^^^^^^^^^^^^^^^^^^^^^^^^^^^^^^^^^^^^^^^^^^^^^^^^^^^^^^^^^^^^^^ source.hlasmListing
>    6(6)      11M   15M   19M   23M   27M                                                                                           
#^^^^^^^^^^^^^^^^^^^^^^^^^^^^^^^^^^^^^^^^^^^^^^^^^^^^^^^^^^^^^^^^^^^^^^^^^^^^^^^^^^^^^^^^^^^^^^^^^^^^^^^^^^^^^^^^^^^^^^^^^^^^^^^^^^^^^ source.hlasmListing
>    7(7)      11M   15M   19M   23M   27M                                                                                           
#^^^^^^^^^^^^^^^^^^^^^^^^^^^^^^^^^^^^^^^^^^^^^^^^^^^^^^^^^^^^^^^^^^^^^^^^^^^^^^^^^^^^^^^^^^^^^^^^^^^^^^^^^^^^^^^^^^^^^^^^^^^^^^^^^^^^^ source.hlasmListing
>    8(8)      11M   15M   19M   23M   27M                                                                                           
#^^^^^^^^^^^^^^^^^^^^^^^^^^^^^^^^^^^^^^^^^^^^^^^^^^^^^^^^^^^^^^^^^^^^^^^^^^^^^^^^^^^^^^^^^^^^^^^^^^^^^^^^^^^^^^^^^^^^^^^^^^^^^^^^^^^^^ source.hlasmListing
>    9(9)      11M   15M   19M   23M   27M                                                                                           
#^^^^^^^^^^^^^^^^^^^^^^^^^^^^^^^^^^^^^^^^^^^^^^^^^^^^^^^^^^^^^^^^^^^^^^^^^^^^^^^^^^^^^^^^^^^^^^^^^^^^^^^^^^^^^^^^^^^^^^^^^^^^^^^^^^^^^ source.hlasmListing
>   10(A)      11M   15M   19M   23M   27M                                                                                           
#^^^^^^^^^^^^^^^^^^^^^^^^^^^^^^^^^^^^^^^^^^^^^^^^^^^^^^^^^^^^^^^^^^^^^^^^^^^^^^^^^^^^^^^^^^^^^^^^^^^^^^^^^^^^^^^^^^^^^^^^^^^^^^^^^^^^^ source.hlasmListing
>   11(B)      11M   15M   19M   23M   27M                                                                                           
#^^^^^^^^^^^^^^^^^^^^^^^^^^^^^^^^^^^^^^^^^^^^^^^^^^^^^^^^^^^^^^^^^^^^^^^^^^^^^^^^^^^^^^^^^^^^^^^^^^^^^^^^^^^^^^^^^^^^^^^^^^^^^^^^^^^^^ source.hlasmListing
>   12(C)      11M   15M   19M   23M   27M                                                                                           
#^^^^^^^^^^^^^^^^^^^^^^^^^^^^^^^^^^^^^^^^^^^^^^^^^^^^^^^^^^^^^^^^^^^^^^^^^^^^^^^^^^^^^^^^^^^^^^^^^^^^^^^^^^^^^^^^^^^^^^^^^^^^^^^^^^^^^ source.hlasmListing
>   13(D)      11M   15M   19M   23M   27M                                                                                           
#^^^^^^^^^^^^^^^^^^^^^^^^^^^^^^^^^^^^^^^^^^^^^^^^^^^^^^^^^^^^^^^^^^^^^^^^^^^^^^^^^^^^^^^^^^^^^^^^^^^^^^^^^^^^^^^^^^^^^^^^^^^^^^^^^^^^^ source.hlasmListing
>   14(E)      11M   15M   19M   23M   27M                                                                                           
#^^^^^^^^^^^^^^^^^^^^^^^^^^^^^^^^^^^^^^^^^^^^^^^^^^^^^^^^^^^^^^^^^^^^^^^^^^^^^^^^^^^^^^^^^^^^^^^^^^^^^^^^^^^^^^^^^^^^^^^^^^^^^^^^^^^^^ source.hlasmListing
>   15(F)    (no references identified)                                                                                              
#^^^^^^^^^^^^^^^^^^^^^^^^^^^^^^^^^^^^^^^^^^^^^^^^^^^^^^^^^^^^^^^^^^^^^^^^^^^^^^^^^^^^^^^^^^^^^^^^^^^^^^^^^^^^^^^^^^^^^^^^^^^^^^^^^^^^^ source.hlasmListing
>                                                                                                                                    
>                                  Diagnostic Cross Reference and Assembler Summary                             Page    8            
#^^^^^^^^^^^^^^^^^^^^^^^^^^^^^^^^^^^^^^^^^^^^^^^^^^^^^^^^^^^^^^^^^^^^^^^^^^^^^^^^^^^^^^^^^^^^^^^^^^^^^^^^^^^^^^^^^^^^^^^^^^^^^^^^^^^^^ source.hlasmListing
>                                                                                            HLASM R1.0  2000/01/01 00.00            
#^^^^^^^^^^^^^^^^^^^^^^^^^^^^^^^^^^^^^^^^^^^^^^^^^^^^^^^^^^^^^^^^^^^^^^^^^^^^^^^^^^^^^^^^^^^^^^^^^^^^^^^^^^^^^^^^^^^^^^^^^^^^^^^^^^^^^ source.hlasmListing
>     No Statements Flagged in this Assembly                                                                                         
#^^^^^^^^^^^^^^^^^^^^^^^^^^^^^^^^^^^^^^^^^^^^^^^^^^^^^^^^^^^^^^^^^^^^^^^^^^^^^^^^^^^^^^^^^^^^^^^^^^^^^^^^^^^^^^^^^^^^^^^^^^^^^^^^^^^^^ source.hlasmListing
>HIGH LEVEL ASSEMBLER, 5696-234, RELEASE 1.0, PTF AB12345                                                                            
#^^^^^^^^^^^^^^^^^^^^^^^^^^^^^^^^^^^^^^^^^^^^^^^^^^^^^^^^^^^^^^^^^^^^^^^^^^^^^^^^^^^^^^^^^^^^^^^^^^^^^^^^^^^^^^^^^^^^^^^^^^^^^^^^^^^^^ source.hlasmListing
>SYSTEM: z/OS 01.00.00              JOBNAME: JOB         STEPNAME: STEP1      PROCSTEP: (NOPROC)                                     
#^^^^^^^^^^^^^^^^^^^^^^^^^^^^^^^^^^^^^^^^^^^^^^^^^^^^^^^^^^^^^^^^^^^^^^^^^^^^^^^^^^^^^^^^^^^^^^^^^^^^^^^^^^^^^^^^^^^^^^^^^^^^^^^^^^^^^ source.hlasmListing
>Unicode Module:   ASMA047C   From Page     1148   To Page    17584           ECECP: International 1                                 
#^^^^^^^^^^^^^^^^^^^^^^^^^^^^^^^^^^^^^^^^^^^^^^^^^^^^^^^^^^^^^^^^^^^^^^^^^^^^^^^^^^^^^^^^^^^^^^^^^^^^^^^^^^^^^^^^^^^^^^^^^^^^^^^^^^^^^ source.hlasmListing
>Data Sets Allocated for this Assembly                                                                                               
#^^^^^^^^^^^^^^^^^^^^^^^^^^^^^^^^^^^^^^^^^^^^^^^^^^^^^^^^^^^^^^^^^^^^^^^^^^^^^^^^^^^^^^^^^^^^^^^^^^^^^^^^^^^^^^^^^^^^^^^^^^^^^^^^^^^^^ source.hlasmListing
> Con DDname   Data Set Name                                Volume  Member                                                           
#^^^^^^^^^^^^^^^^^^^^^^^^^^^^^^^^^^^^^^^^^^^^^^^^^^^^^^^^^^^^^^^^^^^^^^^^^^^^^^^^^^^^^^^^^^^^^^^^^^^^^^^^^^^^^^^^^^^^^^^^^^^^^^^^^^^^^ source.hlasmListing
>  P1 SYSIN    DATASET1.DATASET2.DATASET3.DATASET4          VOL123                                                                   
#^^^^^^^^^^^^^^^^^^^^^^^^^^^^^^^^^^^^^^^^^^^^^^^^^^^^^^^^^^^^^^^^^^^^^^^^^^^^^^^^^^^^^^^^^^^^^^^^^^^^^^^^^^^^^^^^^^^^^^^^^^^^^^^^^^^^^ source.hlasmListing
>     SYSADATA DATASET1.DATASET2.DATASET3.DATASET4          VOL123                                                                   
#^^^^^^^^^^^^^^^^^^^^^^^^^^^^^^^^^^^^^^^^^^^^^^^^^^^^^^^^^^^^^^^^^^^^^^^^^^^^^^^^^^^^^^^^^^^^^^^^^^^^^^^^^^^^^^^^^^^^^^^^^^^^^^^^^^^^^ source.hlasmListing
>     SYSLIN   /my/path/to/object_codes.o                                                                                            
#^^^^^^^^^^^^^^^^^^^^^^^^^^^^^^^^^^^^^^^^^^^^^^^^^^^^^^^^^^^^^^^^^^^^^^^^^^^^^^^^^^^^^^^^^^^^^^^^^^^^^^^^^^^^^^^^^^^^^^^^^^^^^^^^^^^^^ source.hlasmListing
>     SYSPRINT /my/path/to/object_codes.o.lst                                                                                        
#^^^^^^^^^^^^^^^^^^^^^^^^^^^^^^^^^^^^^^^^^^^^^^^^^^^^^^^^^^^^^^^^^^^^^^^^^^^^^^^^^^^^^^^^^^^^^^^^^^^^^^^^^^^^^^^^^^^^^^^^^^^^^^^^^^^^^ source.hlasmListing
>     SYSTERM  DATASET1.DATASET2.DATASET3.DATASET4          VOL123                                                                   
#^^^^^^^^^^^^^^^^^^^^^^^^^^^^^^^^^^^^^^^^^^^^^^^^^^^^^^^^^^^^^^^^^^^^^^^^^^^^^^^^^^^^^^^^^^^^^^^^^^^^^^^^^^^^^^^^^^^^^^^^^^^^^^^^^^^^^ source.hlasmListing
>                                                                                                                                    
>1234567B allocated to Buffer Pool       Storage required     200K                                                                   
#^^^^^^^^^^^^^^^^^^^^^^^^^^^^^^^^^^^^^^^^^^^^^^^^^^^^^^^^^^^^^^^^^^^^^^^^^^^^^^^^^^^^^^^^^^^^^^^^^^^^^^^^^^^^^^^^^^^^^^^^^^^^^^^^^^^^^ source.hlasmListing
>     16 Primary Input Records Read            0 Library Records Read                  0 Work File Reads                             
#^^^^^^^^^^^^^^^^^^^^^^^^^^^^^^^^^^^^^^^^^^^^^^^^^^^^^^^^^^^^^^^^^^^^^^^^^^^^^^^^^^^^^^^^^^^^^^^^^^^^^^^^^^^^^^^^^^^^^^^^^^^^^^^^^^^^^ source.hlasmListing
>      0 ASMAOPT Records Read                153 Primary Print Records Written         0 Work File Writes                            
#^^^^^^^^^^^^^^^^^^^^^^^^^^^^^^^^^^^^^^^^^^^^^^^^^^^^^^^^^^^^^^^^^^^^^^^^^^^^^^^^^^^^^^^^^^^^^^^^^^^^^^^^^^^^^^^^^^^^^^^^^^^^^^^^^^^^^ source.hlasmListing
>      4 Object Records Written               80 ADATA Records Written                                                               
#^^^^^^^^^^^^^^^^^^^^^^^^^^^^^^^^^^^^^^^^^^^^^^^^^^^^^^^^^^^^^^^^^^^^^^^^^^^^^^^^^^^^^^^^^^^^^^^^^^^^^^^^^^^^^^^^^^^^^^^^^^^^^^^^^^^^^ source.hlasmListing
>Assembly Start Time: 00.11.22 Stop Time: 00.11.22 Processor Time: 00.11.22.3333                                                     
#^^^^^^^^^^^^^^^^^^^^^^^^^^^^^^^^^^^^^^^^^^^^^^^^^^^^^^^^^^^^^^^^^^^^^^^^^^^^^^^^^^^^^^^^^^^^^^^^^^^^^^^^^^^^^^^^^^^^^^^^^^^^^^^^^^^^^ source.hlasmListing
>Return Code 000                                                                                                                     
#^^^^^^^^^^^^^^^^^^^^^^^^^^^^^^^^^^^^^^^^^^^^^^^^^^^^^^^^^^^^^^^^^^^^^^^^^^^^^^^^^^^^^^^^^^^^^^^^^^^^^^^^^^^^^^^^^^^^^^^^^^^^^^^^^^^^^ source.hlasmListing
>