>         AIF   ( NOT ( (('A' LE '&VAR') AND ('&VAR' LE 'B'))  OR       -        
#^^^^^^^^^ source.hlasm
#         ^^^ source.hlasm entity.name.function.hlasm
#            ^^^ source.hlasm
#               ^^ source.hlasm
#                 ^^^ source.hlasm punctuation.definition.tag.hlasm
#                    ^ source.hlasm
#                     ^^ source.hlasm
#                       ^ source.hlasm
#                        ^ source.hlasm
#                         ^ source.hlasm string.hlasm
#                          ^^ source.hlasm string.hlasm
#                            ^ source.hlasm
#                             ^^ source.hlasm punctuation.definition.tag.hlasm
#                               ^ source.hlasm
#                                ^ source.hlasm string.hlasm
#                                 ^^^^ source.hlasm variable.other.readwrite.hlasm
#                                     ^ source.hlasm string.hlasm
#                                      ^ source.hlasm
#                                       ^ source.hlasm
#                                        ^^^ source.hlasm punctuation.definition.tag.hlasm
#                                           ^ source.hlasm
#                                            ^ source.hlasm
#                                             ^ source.hlasm string.hlasm
#                                              ^^^^ source.hlasm variable.other.readwrite.hlasm
#                                                  ^ source.hlasm string.hlasm
#                                                   ^ source.hlasm
#                                                    ^^ source.hlasm punctuation.definition.tag.hlasm
#                                                      ^ source.hlasm
#                                                       ^ source.hlasm string.hlasm
#                                                        ^^ source.hlasm string.hlasm
#                                                          ^ source.hlasm
#                                                           ^ source.hlasm
#                                                            ^^ source.hlasm
#                                                              ^^ source.hlasm punctuation.definition.tag.hlasm
#                                                                ^^^^^^^ source.hlasm
#                                                                       ^ source.hlasm keyword.other.hlasm
#                                                                        ^^^^^^^^ source.hlasm invalid.ignored
>                       (('C' LE '&VAR') AND ('&VAR' LE 'D'))  OR       -        
#^^^^^^^^^^^^^^^^^^^^^^^ source.hlasm
#                       ^ source.hlasm
#                        ^ source.hlasm
#                         ^ source.hlasm string.hlasm
#                          ^^ source.hlasm string.hlasm
#                            ^ source.hlasm
#                             ^^ source.hlasm punctuation.definition.tag.hlasm
#                               ^ source.hlasm
#                                ^ source.hlasm string.hlasm
#                                 ^^^^ source.hlasm variable.other.readwrite.hlasm
#                                     ^ source.hlasm string.hlasm
#                                      ^ source.hlasm
#                                       ^ source.hlasm
#                                        ^^^ source.hlasm punctuation.definition.tag.hlasm
#                                           ^ source.hlasm
#                                            ^ source.hlasm
#                                             ^ source.hlasm string.hlasm
#                                              ^^^^ source.hlasm variable.other.readwrite.hlasm
#                                                  ^ source.hlasm string.hlasm
#                                                   ^ source.hlasm
#                                                    ^^ source.hlasm punctuation.definition.tag.hlasm
#                                                      ^ source.hlasm
#                                                       ^ source.hlasm string.hlasm
#                                                        ^^ source.hlasm string.hlasm
#                                                          ^ source.hlasm
#                                                           ^ source.hlasm
#                                                            ^^ source.hlasm
#                                                              ^^ source.hlasm punctuation.definition.tag.hlasm
#                                                                ^^^^^^^ source.hlasm
#                                                                       ^ source.hlasm keyword.other.hlasm
#                                                                        ^^^^^^^^ source.hlasm invalid.ignored
>                       (('E' LE '&VAR') AND ('&VAR' LE 'F'))  OR       -        
#^^^^^^^^^^^^^^^^^^^^^^^ source.hlasm
#                       ^ source.hlasm
#                        ^ source.hlasm
#                         ^ source.hlasm string.hlasm
#                          ^^ source.hlasm string.hlasm
#                            ^ source.hlasm
#                             ^^ source.hlasm punctuation.definition.tag.hlasm
#                               ^ source.hlasm
#                                ^ source.hlasm string.hlasm
#                                 ^^^^ source.hlasm variable.other.readwrite.hlasm
#                                     ^ source.hlasm string.hlasm
#                                      ^ source.hlasm
#                                       ^ source.hlasm
#                                        ^^^ source.hlasm punctuation.definition.tag.hlasm
#                                           ^ source.hlasm
#                                            ^ source.hlasm
#                                             ^ source.hlasm string.hlasm
#                                              ^^^^ source.hlasm variable.other.readwrite.hlasm
#                                                  ^ source.hlasm string.hlasm
#                                                   ^ source.hlasm
#                                                    ^^ source.hlasm punctuation.definition.tag.hlasm
#                                                      ^ source.hlasm
#                                                       ^ source.hlasm string.hlasm
#                                                        ^^ source.hlasm string.hlasm
#                                                          ^ source.hlasm
#                                                           ^ source.hlasm
#                                                            ^^ source.hlasm
#                                                              ^^ source.hlasm punctuation.definition.tag.hlasm
#                                                                ^^^^^^^ source.hlasm
#                                                                       ^ source.hlasm keyword.other.hlasm
#                                                                        ^^^^^^^^ source.hlasm invalid.ignored
>                       ('&VAR' EQ '$') OR ('&VAR' EQ '_')     OR       -        
#^^^^^^^^^^^^^^^^^^^^^^^ source.hlasm
#                       ^ source.hlasm
#                        ^ source.hlasm string.hlasm
#                         ^^^^ source.hlasm variable.other.readwrite.hlasm
#                             ^ source.hlasm string.hlasm
#                              ^ source.hlasm
#                               ^^ source.hlasm punctuation.definition.tag.hlasm
#                                 ^ source.hlasm
#                                  ^ source.hlasm string.hlasm
#                                   ^^ source.hlasm string.hlasm
#                                     ^ source.hlasm
#                                      ^ source.hlasm
#                                       ^^ source.hlasm punctuation.definition.tag.hlasm
#                                         ^ source.hlasm
#                                          ^ source.hlasm
#                                           ^ source.hlasm string.hlasm
#                                            ^^^^ source.hlasm variable.other.readwrite.hlasm
#                                                ^ source.hlasm string.hlasm
#                                                 ^ source.hlasm
#                                                  ^^ source.hlasm punctuation.definition.tag.hlasm
#                                                    ^ source.hlasm
#                                                     ^ source.hlasm string.hlasm
#                                                      ^^ source.hlasm string.hlasm
#                                                        ^ source.hlasm
#                                                         ^^^^^ source.hlasm
#                                                              ^^ source.hlasm punctuation.definition.tag.hlasm
#                                                                ^^^^^^^ source.hlasm
#                                                                       ^ source.hlasm keyword.other.hlasm
#                                                                        ^^^^^^^^ source.hlasm invalid.ignored
>                       ('&VAR' EQ '#') OR ('&VAR' EQ '@')              -        
#^^^^^^^^^^^^^^^^^^^^^^^ source.hlasm
#                       ^ source.hlasm
#                        ^ source.hlasm string.hlasm
#                         ^^^^ source.hlasm variable.other.readwrite.hlasm
#                             ^ source.hlasm string.hlasm
#                              ^ source.hlasm
#                               ^^ source.hlasm punctuation.definition.tag.hlasm
#                                 ^ source.hlasm
#                                  ^ source.hlasm string.hlasm
#                                   ^^ source.hlasm string.hlasm
#                                     ^ source.hlasm
#                                      ^ source.hlasm
#                                       ^^ source.hlasm punctuation.definition.tag.hlasm
#                                         ^ source.hlasm
#                                          ^ source.hlasm
#                                           ^ source.hlasm string.hlasm
#                                            ^^^^ source.hlasm variable.other.readwrite.hlasm
#                                                ^ source.hlasm string.hlasm
#                                                 ^ source.hlasm
#                                                  ^^ source.hlasm punctuation.definition.tag.hlasm
#                                                    ^ source.hlasm
#                                                     ^ source.hlasm string.hlasm
#                                                      ^^ source.hlasm string.hlasm
#                                                        ^ source.hlasm
#                                                         ^^^^^^^^^^^^^^ source.hlasm
#                                                                       ^ source.hlasm keyword.other.hlasm
#                                                                        ^^^^^^^^ source.hlasm invalid.ignored
>                     )                                                 -        
#^^^^^^^^^^^^^^^^^^^^^ source.hlasm
#                     ^ source.hlasm
#                      ^^^^^^^^^^^^^^^^^^^^^^^^^^^^^^^^^^^^^^^^^^^^^^^^^ source.hlasm
#                                                                       ^ source.hlasm keyword.other.hlasm
#                                                                        ^^^^^^^^ source.hlasm invalid.ignored
>               ).NAMERR                                                         
#^^^^^^^^^^^^^^^ source.hlasm
#               ^ source.hlasm
#                ^^^^^^^ source.hlasm keyword.control.hlasm
#                       ^^^^^^^^^^^^^^^^^^^^^^^^^^^^^^^^^^^^^^^^^^^^^^^^^ source.hlasm
#                                                                        ^^^^^^^^ source.hlasm invalid.ignored
>         AIF   ( NOT ( (('A' LE '&VAR') AND ('&VAR' LE 'B')).AAAA OR   -        
#^^^^^^^^^ source.hlasm
#         ^^^ source.hlasm entity.name.function.hlasm
#            ^^^ source.hlasm
#               ^^ source.hlasm
#                 ^^^ source.hlasm punctuation.definition.tag.hlasm
#                    ^ source.hlasm
#                     ^^ source.hlasm
#                       ^ source.hlasm
#                        ^ source.hlasm
#                         ^ source.hlasm string.hlasm
#                          ^^ source.hlasm string.hlasm
#                            ^ source.hlasm
#                             ^^ source.hlasm punctuation.definition.tag.hlasm
#                               ^ source.hlasm
#                                ^ source.hlasm string.hlasm
#                                 ^^^^ source.hlasm variable.other.readwrite.hlasm
#                                     ^ source.hlasm string.hlasm
#                                      ^ source.hlasm
#                                       ^ source.hlasm
#                                        ^^^ source.hlasm punctuation.definition.tag.hlasm
#                                           ^ source.hlasm
#                                            ^ source.hlasm
#                                             ^ source.hlasm string.hlasm
#                                              ^^^^ source.hlasm variable.other.readwrite.hlasm
#                                                  ^ source.hlasm string.hlasm
#                                                   ^ source.hlasm
#                                                    ^^ source.hlasm punctuation.definition.tag.hlasm
#                                                      ^ source.hlasm
#                                                       ^ source.hlasm string.hlasm
#                                                        ^^ source.hlasm string.hlasm
#                                                          ^ source.hlasm
#                                                           ^ source.hlasm
#                                                            ^ source.hlasm punctuation.definition.tag.hlasm keyword.operator.hlasm
#                                                             ^^^^ source.hlasm punctuation.definition.tag.hlasm
#                                                                 ^ source.hlasm
#                                                                  ^^ source.hlasm punctuation.definition.tag.hlasm
#                                                                    ^^^ source.hlasm
#                                                                       ^ source.hlasm keyword.other.hlasm
#                                                                        ^^^^^^^^ source.hlasm invalid.ignored
>                       (('C' LE '&VAR') AND ('&VAR' LE 'D'))  OR       -        
#^^^^^^^^^^^^^^^^^^^^^^^ source.hlasm
#                       ^ source.hlasm
#                        ^ source.hlasm
#                         ^ source.hlasm string.hlasm
#                          ^^ source.hlasm string.hlasm
#                            ^ source.hlasm
#                             ^^ source.hlasm punctuation.definition.tag.hlasm
#                               ^ source.hlasm
#                                ^ source.hlasm string.hlasm
#                                 ^^^^ source.hlasm variable.other.readwrite.hlasm
#                                     ^ source.hlasm string.hlasm
#                                      ^ source.hlasm
#                                       ^ source.hlasm
#                                        ^^^ source.hlasm punctuation.definition.tag.hlasm
#                                           ^ source.hlasm
#                                            ^ source.hlasm
#                                             ^ source.hlasm string.hlasm
#                                              ^^^^ source.hlasm variable.other.readwrite.hlasm
#                                                  ^ source.hlasm string.hlasm
#                                                   ^ source.hlasm
#                                                    ^^ source.hlasm punctuation.definition.tag.hlasm
#                                                      ^ source.hlasm
#                                                       ^ source.hlasm string.hlasm
#                                                        ^^ source.hlasm string.hlasm
#                                                          ^ source.hlasm
#                                                           ^ source.hlasm
#                                                            ^^ source.hlasm
#                                                              ^^ source.hlasm punctuation.definition.tag.hlasm
#                                                                ^^^^^^^ source.hlasm
#                                                                       ^ source.hlasm keyword.other.hlasm
#                                                                        ^^^^^^^^ source.hlasm invalid.ignored
>                       (('E' LE '&VAR') AND ('&VAR' LE 'F'))  OR       -        
#^^^^^^^^^^^^^^^^^^^^^^^ source.hlasm
#                       ^ source.hlasm
#                        ^ source.hlasm
#                         ^ source.hlasm string.hlasm
#                          ^^ source.hlasm string.hlasm
#                            ^ source.hlasm
#                             ^^ source.hlasm punctuation.definition.tag.hlasm
#                               ^ source.hlasm
#                                ^ source.hlasm string.hlasm
#                                 ^^^^ source.hlasm variable.other.readwrite.hlasm
#                                     ^ source.hlasm string.hlasm
#                                      ^ source.hlasm
#                                       ^ source.hlasm
#                                        ^^^ source.hlasm punctuation.definition.tag.hlasm
#                                           ^ source.hlasm
#                                            ^ source.hlasm
#                                             ^ source.hlasm string.hlasm
#                                              ^^^^ source.hlasm variable.other.readwrite.hlasm
#                                                  ^ source.hlasm string.hlasm
#                                                   ^ source.hlasm
#                                                    ^^ source.hlasm punctuation.definition.tag.hlasm
#                                                      ^ source.hlasm
#                                                       ^ source.hlasm string.hlasm
#                                                        ^^ source.hlasm string.hlasm
#                                                          ^ source.hlasm
#                                                           ^ source.hlasm
#                                                            ^^ source.hlasm
#                                                              ^^ source.hlasm punctuation.definition.tag.hlasm
#                                                                ^^^^^^^ source.hlasm
#                                                                       ^ source.hlasm keyword.other.hlasm
#                                                                        ^^^^^^^^ source.hlasm invalid.ignored
>                                                                       -
#^^^^^^^^^^^^^^^^^^^^^^^^^^^^^^^^^^^^^^^^^^^^^^^^^^^^^^^^^^^^^^^^^^^^^^^ source.hlasm
#                                                                       ^ source.hlasm keyword.other.hlasm
>                       ('&VAR' EQ '$') OR ('&VAR' EQ '_')     OR       -        
#^^^^^^^^^^^^^^^^^^^^^^^ source.hlasm
#                       ^ source.hlasm
#                        ^ source.hlasm string.hlasm
#                         ^^^^ source.hlasm variable.other.readwrite.hlasm
#                             ^ source.hlasm string.hlasm
#                              ^ source.hlasm
#                               ^^ source.hlasm punctuation.definition.tag.hlasm
#                                 ^ source.hlasm
#                                  ^ source.hlasm string.hlasm
#                                   ^^ source.hlasm string.hlasm
#                                     ^ source.hlasm
#                                      ^ source.hlasm
#                                       ^^ source.hlasm punctuation.definition.tag.hlasm
#                                         ^ source.hlasm
#                                          ^ source.hlasm
#                                           ^ source.hlasm string.hlasm
#                                            ^^^^ source.hlasm variable.other.readwrite.hlasm
#                                                ^ source.hlasm string.hlasm
#                                                 ^ source.hlasm
#                                                  ^^ source.hlasm punctuation.definition.tag.hlasm
#                                                    ^ source.hlasm
#                                                     ^ source.hlasm string.hlasm
#                                                      ^^ source.hlasm string.hlasm
#                                                        ^ source.hlasm
#                                                         ^^^^^ source.hlasm
#                                                              ^^ source.hlasm punctuation.definition.tag.hlasm
#                                                                ^^^^^^^ source.hlasm
#                                                                       ^ source.hlasm keyword.other.hlasm
#                                                                        ^^^^^^^^ source.hlasm invalid.ignored
>                       ('&VAR' EQ '#') OR ('&VAR' EQ '@')              -        
#^^^^^^^^^^^^^^^^^^^^^^^ source.hlasm
#                       ^ source.hlasm
#                        ^ source.hlasm string.hlasm
#                         ^^^^ source.hlasm variable.other.readwrite.hlasm
#                             ^ source.hlasm string.hlasm
#                              ^ source.hlasm
#                               ^^ source.hlasm punctuation.definition.tag.hlasm
#                                 ^ source.hlasm
#                                  ^ source.hlasm string.hlasm
#                                   ^^ source.hlasm string.hlasm
#                                     ^ source.hlasm
#                                      ^ source.hlasm
#                                       ^^ source.hlasm punctuation.definition.tag.hlasm
#                                         ^ source.hlasm
#                                          ^ source.hlasm
#                                           ^ source.hlasm string.hlasm
#                                            ^^^^ source.hlasm variable.other.readwrite.hlasm
#                                                ^ source.hlasm string.hlasm
#                                                 ^ source.hlasm
#                                                  ^^ source.hlasm punctuation.definition.tag.hlasm
#                                                    ^ source.hlasm
#                                                     ^ source.hlasm string.hlasm
#                                                      ^^ source.hlasm string.hlasm
#                                                        ^ source.hlasm
#                                                         ^^^^^^^^^^^^^^ source.hlasm
#                                                                       ^ source.hlasm keyword.other.hlasm
#                                                                        ^^^^^^^^ source.hlasm invalid.ignored
>                     )                                                 -        
#^^^^^^^^^^^^^^^^^^^^^ source.hlasm
#                     ^ source.hlasm
#                      ^^^^^^^^^^^^^^^^^^^^^^^^^^^^^^^^^^^^^^^^^^^^^^^^^ source.hlasm
#                                                                       ^ source.hlasm keyword.other.hlasm
#                                                                        ^^^^^^^^ source.hlasm invalid.ignored
>               ).NAMERR         
#^^^^^^^^^^^^^^^ source.hlasm
#               ^ source.hlasm
#                ^^^^^^^ source.hlasm keyword.control.hlasm
#                       ^^^^^^^^^ source.hlasm
>
>         INSTR  SYMBOL+1/12/,'&SECT ',                                 -        
#^^^^^^^^^ source.hlasm
#         ^^^^^ source.hlasm entity.name.function.hlasm
#              ^^ source.hlasm
#                ^^^^^^ source.hlasm punctuation.definition.tag.hlasm
#                      ^ source.hlasm
#                       ^ source.hlasm punctuation.definition.tag.hlasm constant.numeric.hlasm
#                        ^ source.hlasm
#                         ^^ source.hlasm punctuation.definition.tag.hlasm
#                           ^^ source.hlasm
#                             ^ source.hlasm string.hlasm
#                              ^^^^^ source.hlasm variable.other.readwrite.hlasm
#                                   ^^ source.hlasm string.hlasm
#                                     ^ source.hlasm
#                                      ^ source.hlasm
#                                       ^^^^^^^^^^^^^^^^^^^^^^^^^^^^^^^^ source.hlasm
#                                                                       ^ source.hlasm keyword.other.hlasm
#                                                                        ^^^^^^^^ source.hlasm invalid.ignored
>               &ARRAY(1),&ARRAY(2),&ARRAY(3),                          -        
#^^^^^^^^^^^^^^^ source.hlasm
#               ^^^^^^ source.hlasm punctuation.definition.tag.hlasm variable.other.readwrite.hlasm
#                     ^ source.hlasm
#                      ^ source.hlasm punctuation.definition.tag.hlasm constant.numeric.hlasm
#                       ^ source.hlasm
#                        ^ source.hlasm
#                         ^^^^^^ source.hlasm punctuation.definition.tag.hlasm variable.other.readwrite.hlasm
#                               ^ source.hlasm
#                                ^ source.hlasm punctuation.definition.tag.hlasm constant.numeric.hlasm
#                                 ^ source.hlasm
#                                  ^ source.hlasm
#                                   ^^^^^^ source.hlasm punctuation.definition.tag.hlasm variable.other.readwrite.hlasm
#                                         ^ source.hlasm
#                                          ^ source.hlasm punctuation.definition.tag.hlasm constant.numeric.hlasm
#                                           ^ source.hlasm
#                                            ^ source.hlasm
#                                             ^ source.hlasm
#                                              ^^^^^^^^^^^^^^^^^^^^^^^^^ source.hlasm
#                                                                       ^ source.hlasm keyword.other.hlasm
#                                                                        ^^^^^^^^ source.hlasm invalid.ignored
>               &ARRAY(4),&ARRAY(5),&ARRAY(6),                          -        
#^^^^^^^^^^^^^^^ source.hlasm
#               ^^^^^^ source.hlasm punctuation.definition.tag.hlasm variable.other.readwrite.hlasm
#                     ^ source.hlasm
#                      ^ source.hlasm punctuation.definition.tag.hlasm constant.numeric.hlasm
#                       ^ source.hlasm
#                        ^ source.hlasm
#                         ^^^^^^ source.hlasm punctuation.definition.tag.hlasm variable.other.readwrite.hlasm
#                               ^ source.hlasm
#                                ^ source.hlasm punctuation.definition.tag.hlasm constant.numeric.hlasm
#                                 ^ source.hlasm
#                                  ^ source.hlasm
#                                   ^^^^^^ source.hlasm punctuation.definition.tag.hlasm variable.other.readwrite.hlasm
#                                         ^ source.hlasm
#                                          ^ source.hlasm punctuation.definition.tag.hlasm constant.numeric.hlasm
#                                           ^ source.hlasm
#                                            ^ source.hlasm
#                                             ^ source.hlasm
#                                              ^^^^^^^^^^^^^^^^^^^^^^^^^ source.hlasm
#                                                                       ^ source.hlasm keyword.other.hlasm
#                                                                        ^^^^^^^^ source.hlasm invalid.ignored
>               &ARRAY(7),&ARRAY(8),&ARRAY(9),                          -        
#^^^^^^^^^^^^^^^ source.hlasm
#               ^^^^^^ source.hlasm punctuation.definition.tag.hlasm variable.other.readwrite.hlasm
#                     ^ source.hlasm
#                      ^ source.hlasm punctuation.definition.tag.hlasm constant.numeric.hlasm
#                       ^ source.hlasm
#                        ^ source.hlasm
#                         ^^^^^^ source.hlasm punctuation.definition.tag.hlasm variable.other.readwrite.hlasm
#                               ^ source.hlasm
#                                ^ source.hlasm punctuation.definition.tag.hlasm constant.numeric.hlasm
#                                 ^ source.hlasm
#                                  ^ source.hlasm
#                                   ^^^^^^ source.hlasm punctuation.definition.tag.hlasm variable.other.readwrite.hlasm
#                                         ^ source.hlasm
#                                          ^ source.hlasm punctuation.definition.tag.hlasm constant.numeric.hlasm
#                                           ^ source.hlasm
#                                            ^ source.hlasm
#                                             ^ source.hlasm
#                                              ^^^^^^^^^^^^^^^^^^^^^^^^^ source.hlasm
#                                                                       ^ source.hlasm keyword.other.hlasm
#                                                                        ^^^^^^^^ source.hlasm invalid.ignored
>               &ARRAY(10),&ARRAY(11),                                  -        
#^^^^^^^^^^^^^^^ source.hlasm
#               ^^^^^^ source.hlasm punctuation.definition.tag.hlasm variable.other.readwrite.hlasm
#                     ^ source.hlasm
#                      ^^ source.hlasm punctuation.definition.tag.hlasm constant.numeric.hlasm
#                        ^ source.hlasm
#                         ^ source.hlasm
#                          ^^^^^^ source.hlasm punctuation.definition.tag.hlasm variable.other.readwrite.hlasm
#                                ^ source.hlasm
#                                 ^^ source.hlasm punctuation.definition.tag.hlasm constant.numeric.hlasm
#                                   ^ source.hlasm
#                                    ^ source.hlasm
#                                     ^ source.hlasm
#                                      ^^^^^^^^^^^^^^^^^^^^^^^^^^^^^^^^^ source.hlasm
#                                                                       ^ source.hlasm keyword.other.hlasm
#                                                                        ^^^^^^^^ source.hlasm invalid.ignored
>               &ARRAY(12),&ARRAY(13),                                  -        
#^^^^^^^^^^^^^^^ source.hlasm
#               ^^^^^^ source.hlasm punctuation.definition.tag.hlasm variable.other.readwrite.hlasm
#                     ^ source.hlasm
#                      ^^ source.hlasm punctuation.definition.tag.hlasm constant.numeric.hlasm
#                        ^ source.hlasm
#                         ^ source.hlasm
#                          ^^^^^^ source.hlasm punctuation.definition.tag.hlasm variable.other.readwrite.hlasm
#                                ^ source.hlasm
#                                 ^^ source.hlasm punctuation.definition.tag.hlasm constant.numeric.hlasm
#                                   ^ source.hlasm
#                                    ^ source.hlasm
#                                     ^ source.hlasm
#                                      ^^^^^^^^^^^^^^^^^^^^^^^^^^^^^^^^^ source.hlasm
#                                                                       ^ source.hlasm keyword.other.hlasm
#                                                                        ^^^^^^^^ source.hlasm invalid.ignored
>               &ARRAY(14),&ARRAY(15),.                                          
#^^^^^^^^^^^^^^^ source.hlasm
#               ^^^^^^ source.hlasm punctuation.definition.tag.hlasm variable.other.readwrite.hlasm
#                     ^ source.hlasm
#                      ^^ source.hlasm punctuation.definition.tag.hlasm constant.numeric.hlasm
#                        ^ source.hlasm
#                         ^ source.hlasm
#                          ^^^^^^ source.hlasm punctuation.definition.tag.hlasm variable.other.readwrite.hlasm
#                                ^ source.hlasm
#                                 ^^ source.hlasm punctuation.definition.tag.hlasm constant.numeric.hlasm
#                                   ^ source.hlasm
#                                    ^ source.hlasm
#                                     ^ source.hlasm punctuation.definition.tag.hlasm keyword.operator.hlasm
#                                      ^^^^^^^^^^^^^^^^^^^^^^^^^^^^^^^^^^ source.hlasm
#                                                                        ^^^^^^^^ source.hlasm invalid.ignored
>
>LABEL    INSTR   OP1,                                                  -
#^^^^^ source.hlasm support.class.hlasm
#     ^^^^ source.hlasm
#         ^^^^^ source.hlasm entity.name.function.hlasm
#              ^^^ source.hlasm
#                 ^^^ source.hlasm punctuation.definition.tag.hlasm
#                    ^ source.hlasm
#                     ^ source.hlasm
#                      ^^^^^^^^^^^^^^^^^^^^^^^^^^^^^^^^^^^^^^^^^^^^^^^^^ source.hlasm
#                                                                       ^ source.hlasm keyword.other.hlasm
>               OP2                         REMMARK(REMMARK)            -
#^^^^^^^^^^^^^^^ source.hlasm
#               ^^^ source.hlasm punctuation.definition.tag.hlasm
#                  ^^^^^^^^^^^^^^^^^^^^^^^^^ source.hlasm
#                                           ^^^^^^^^^^^^^^^^ source.hlasm comment.hlasm
#                                                           ^^^^^^^^^^^^ source.hlasm
#                                                                       ^ source.hlasm keyword.other.hlasm
>               REMARKS,                                                -12345678
#^^^^^^^^^^^^^^^ source.hlasm
#               ^^^^^^^^ source.hlasm comment.hlasm
#                       ^^^^^^^^^^^^^^^^^^^^^^^^^^^^^^^^^^^^^^^^^^^^^^^^ source.hlasm
#                                                                       ^ source.hlasm keyword.other.hlasm
#                                                                        ^^^^^^^^ source.hlasm invalid.ignored
>                                                
>
>INCMPLT
#^^^^^^^ source.hlasm support.class.hlasm
>LABEL    INSTR OP THIS LINE SHOULD NOT BE AFFECTED
#^^^^^ source.hlasm support.class.hlasm
#     ^^^^ source.hlasm
#         ^^^^^ source.hlasm entity.name.function.hlasm
#              ^ source.hlasm
#               ^^ source.hlasm punctuation.definition.tag.hlasm
#                 ^ source.hlasm
#                  ^^^^ source.hlasm comment.hlasm
#                      ^ source.hlasm
#                       ^^^^ source.hlasm comment.hlasm
#                           ^ source.hlasm
#                            ^^^^^^ source.hlasm comment.hlasm
#                                  ^ source.hlasm
#                                   ^^^ source.hlasm comment.hlasm
#                                      ^ source.hlasm
#                                       ^^ source.hlasm comment.hlasm
#                                         ^ source.hlasm
#                                          ^^^^^^^^ source.hlasm comment.hlasm
>
>B&VAR1.&VAR2.INCMPLT
#^ source.hlasm support.class.hlasm
# ^^^^^ source.hlasm support.class.hlasm variable.other.readwrite.hlasm
#      ^ source.hlasm support.class.hlasm
#       ^^^^^ source.hlasm support.class.hlasm variable.other.readwrite.hlasm
#            ^^^^^^^^ source.hlasm support.class.hlasm
>LABEL    INSTR OP THIS LINE SHOULD NOT BE AFFECTED
#^^^^^ source.hlasm support.class.hlasm
#     ^^^^ source.hlasm
#         ^^^^^ source.hlasm entity.name.function.hlasm
#              ^ source.hlasm
#               ^^ source.hlasm punctuation.definition.tag.hlasm
#                 ^ source.hlasm
#                  ^^^^ source.hlasm comment.hlasm
#                      ^ source.hlasm
#                       ^^^^ source.hlasm comment.hlasm
#                           ^ source.hlasm
#                            ^^^^^^ source.hlasm comment.hlasm
#                                  ^ source.hlasm
#                                   ^^^ source.hlasm comment.hlasm
#                                      ^ source.hlasm
#                                       ^^ source.hlasm comment.hlasm
#                                         ^ source.hlasm
#                                          ^^^^^^^^ source.hlasm comment.hlasm
>
>&VAR.C   INSTR   *-&P                    REMARK                                 
#^^^^ source.hlasm support.class.hlasm variable.other.readwrite.hlasm
#    ^^ source.hlasm support.class.hlasm
#      ^^^ source.hlasm
#         ^^^^^ source.hlasm entity.name.function.hlasm
#              ^^^ source.hlasm
#                 ^^ source.hlasm
#                   ^^ source.hlasm punctuation.definition.tag.hlasm variable.other.readwrite.hlasm
#                     ^^^^^^^^^^^^^^^^^^^^ source.hlasm
#                                         ^^^^^^ source.hlasm comment.hlasm
#                                               ^^^^^^^^^^^^^^^^^^^^^^^^^ source.hlasm
#                                                                        ^^^^^^^^ source.hlasm invalid.ignored
>LABEL    INSTR OP THIS LINE SHOULD NOT BE AFFECTED
#^^^^^ source.hlasm support.class.hlasm
#     ^^^^ source.hlasm
#         ^^^^^ source.hlasm entity.name.function.hlasm
#              ^ source.hlasm
#               ^^ source.hlasm punctuation.definition.tag.hlasm
#                 ^ source.hlasm
#                  ^^^^ source.hlasm comment.hlasm
#                      ^ source.hlasm
#                       ^^^^ source.hlasm comment.hlasm
#                           ^ source.hlasm
#                            ^^^^^^ source.hlasm comment.hlasm
#                                  ^ source.hlasm
#                                   ^^^ source.hlasm comment.hlasm
#                                      ^ source.hlasm
#                                       ^^ source.hlasm comment.hlasm
#                                         ^ source.hlasm
#                                          ^^^^^^^^ source.hlasm comment.hlasm
>
>B&VAR    INSTR OP
#^ source.hlasm support.class.hlasm
# ^^^^ source.hlasm support.class.hlasm variable.other.readwrite.hlasm
#     ^^^^ source.hlasm
#         ^^^^^ source.hlasm entity.name.function.hlasm
#              ^ source.hlasm
#               ^^ source.hlasm punctuation.definition.tag.hlasm
>LABEL    INSTR OP THIS LINE SHOULD NOT BE AFFECTED
#^^^^^ source.hlasm support.class.hlasm
#     ^^^^ source.hlasm
#         ^^^^^ source.hlasm entity.name.function.hlasm
#              ^ source.hlasm
#               ^^ source.hlasm punctuation.definition.tag.hlasm
#                 ^ source.hlasm
#                  ^^^^ source.hlasm comment.hlasm
#                      ^ source.hlasm
#                       ^^^^ source.hlasm comment.hlasm
#                           ^ source.hlasm
#                            ^^^^^^ source.hlasm comment.hlasm
#                                  ^ source.hlasm
#                                   ^^^ source.hlasm comment.hlasm
#                                      ^ source.hlasm
#                                       ^^ source.hlasm comment.hlasm
#                                         ^ source.hlasm
#                                          ^^^^^^^^ source.hlasm comment.hlasm
>
>LABEL    AIF    ( NOT                                                  -12345678invalid
#^^^^^ source.hlasm support.class.hlasm
#     ^^^^ source.hlasm
#         ^^^ source.hlasm entity.name.function.hlasm
#            ^^^^ source.hlasm
#                ^^ source.hlasm
#                  ^^^ source.hlasm punctuation.definition.tag.hlasm
#                     ^^^^^^^^^^^^^^^^^^^^^^^^^^^^^^^^^^^^^^^^^^^^^^^^^^ source.hlasm
#                                                                       ^ source.hlasm keyword.other.hlasm
#                                                                        ^^^^^^^^^^^^^^^ source.hlasm invalid.ignored
>                'AAA'...T'A ),,REMARK                                        67
#^^^^^^^^^^^^^^^^ source.hlasm
#                ^ source.hlasm string.hlasm
#                 ^^^^ source.hlasm string.hlasm
#                     ^ source.hlasm keyword.control.hlasm keyword.operator.hlasm
#                      ^ source.hlasm keyword.control.hlasm keyword.operator.hlasm
#                       ^ source.hlasm keyword.control.hlasm keyword.operator.hlasm
#                        ^ source.hlasm entity.name.function.preprocessor.hlasm
#                         ^ source.hlasm
#                          ^ source.hlasm punctuation.definition.tag.hlasm
#                           ^ source.hlasm
#                            ^ source.hlasm
#                             ^^ source.hlasm
#                               ^^^^^^ source.hlasm punctuation.definition.tag.hlasm
#                                     ^^^^^^^^^^^^^^^^^^^^^^^^^^^^^^^^^^^ source.hlasm
#                                                                        ^^^^^^^ source.hlasm invalid.ignored
>LABEL    INSTR OP THIS LINE SHOULD NOT BE AFFECTED
#^^^^^ source.hlasm support.class.hlasm
#     ^^^^ source.hlasm
#         ^^^^^ source.hlasm entity.name.function.hlasm
#              ^ source.hlasm
#               ^^ source.hlasm punctuation.definition.tag.hlasm
#                 ^ source.hlasm
#                  ^^^^ source.hlasm comment.hlasm
#                      ^ source.hlasm
#                       ^^^^ source.hlasm comment.hlasm
#                           ^ source.hlasm
#                            ^^^^^^ source.hlasm comment.hlasm
#                                  ^ source.hlasm
#                                   ^^^ source.hlasm comment.hlasm
#                                      ^ source.hlasm
#                                       ^^ source.hlasm comment.hlasm
#                                         ^ source.hlasm
#                                          ^^^^^^^^ source.hlasm comment.hlasm
>
>         INSTR  &__V@R_GEN#                                                     
#^^^^^^^^^ source.hlasm
#         ^^^^^ source.hlasm entity.name.function.hlasm
#              ^^ source.hlasm
#                ^^^^^^^^^^^ source.hlasm punctuation.definition.tag.hlasm variable.other.readwrite.hlasm
#                           ^^^^^^^^^^^^^^^^^^^^^^^^^^^^^^^^^^^^^^^^^^^^^ source.hlasm
#                                                                        ^^^^^^^^ source.hlasm invalid.ignored
>